Archive member included to satisfy reference by file (symbol)

C:/ST/STM32CubeIDE_1.17.0/STM32CubeIDE/plugins/com.st.stm32cube.ide.mcu.externaltools.gnu-tools-for-stm32.13.3.rel1.win32_1.0.0.202411081344/tools/bin/../lib/gcc/arm-none-eabi/13.3.1/../../../../arm-none-eabi/lib/thumb/v6-m/nofp\libc_nano.a(libc_a-exit.o)
                              C:/ST/STM32CubeIDE_1.17.0/STM32CubeIDE/plugins/com.st.stm32cube.ide.mcu.externaltools.gnu-tools-for-stm32.13.3.rel1.win32_1.0.0.202411081344/tools/bin/../lib/gcc/arm-none-eabi/13.3.1/../../../../arm-none-eabi/lib/thumb/v6-m/nofp/crt0.o (exit)
C:/ST/STM32CubeIDE_1.17.0/STM32CubeIDE/plugins/com.st.stm32cube.ide.mcu.externaltools.gnu-tools-for-stm32.13.3.rel1.win32_1.0.0.202411081344/tools/bin/../lib/gcc/arm-none-eabi/13.3.1/../../../../arm-none-eabi/lib/thumb/v6-m/nofp\libc_nano.a(libc_a-findfp.o)
                              C:/ST/STM32CubeIDE_1.17.0/STM32CubeIDE/plugins/com.st.stm32cube.ide.mcu.externaltools.gnu-tools-for-stm32.13.3.rel1.win32_1.0.0.202411081344/tools/bin/../lib/gcc/arm-none-eabi/13.3.1/../../../../arm-none-eabi/lib/thumb/v6-m/nofp\libc_nano.a(libc_a-exit.o) (__stdio_exit_handler)
C:/ST/STM32CubeIDE_1.17.0/STM32CubeIDE/plugins/com.st.stm32cube.ide.mcu.externaltools.gnu-tools-for-stm32.13.3.rel1.win32_1.0.0.202411081344/tools/bin/../lib/gcc/arm-none-eabi/13.3.1/../../../../arm-none-eabi/lib/thumb/v6-m/nofp\libc_nano.a(libc_a-fwalk.o)
                              C:/ST/STM32CubeIDE_1.17.0/STM32CubeIDE/plugins/com.st.stm32cube.ide.mcu.externaltools.gnu-tools-for-stm32.13.3.rel1.win32_1.0.0.202411081344/tools/bin/../lib/gcc/arm-none-eabi/13.3.1/../../../../arm-none-eabi/lib/thumb/v6-m/nofp\libc_nano.a(libc_a-findfp.o) (_fwalk_sglue)
C:/ST/STM32CubeIDE_1.17.0/STM32CubeIDE/plugins/com.st.stm32cube.ide.mcu.externaltools.gnu-tools-for-stm32.13.3.rel1.win32_1.0.0.202411081344/tools/bin/../lib/gcc/arm-none-eabi/13.3.1/../../../../arm-none-eabi/lib/thumb/v6-m/nofp\libc_nano.a(libc_a-stdio.o)
                              C:/ST/STM32CubeIDE_1.17.0/STM32CubeIDE/plugins/com.st.stm32cube.ide.mcu.externaltools.gnu-tools-for-stm32.13.3.rel1.win32_1.0.0.202411081344/tools/bin/../lib/gcc/arm-none-eabi/13.3.1/../../../../arm-none-eabi/lib/thumb/v6-m/nofp\libc_nano.a(libc_a-findfp.o) (__sread)
C:/ST/STM32CubeIDE_1.17.0/STM32CubeIDE/plugins/com.st.stm32cube.ide.mcu.externaltools.gnu-tools-for-stm32.13.3.rel1.win32_1.0.0.202411081344/tools/bin/../lib/gcc/arm-none-eabi/13.3.1/../../../../arm-none-eabi/lib/thumb/v6-m/nofp\libc_nano.a(libc_a-memset.o)
                              C:/ST/STM32CubeIDE_1.17.0/STM32CubeIDE/plugins/com.st.stm32cube.ide.mcu.externaltools.gnu-tools-for-stm32.13.3.rel1.win32_1.0.0.202411081344/tools/bin/../lib/gcc/arm-none-eabi/13.3.1/../../../../arm-none-eabi/lib/thumb/v6-m/nofp/crt0.o (memset)
C:/ST/STM32CubeIDE_1.17.0/STM32CubeIDE/plugins/com.st.stm32cube.ide.mcu.externaltools.gnu-tools-for-stm32.13.3.rel1.win32_1.0.0.202411081344/tools/bin/../lib/gcc/arm-none-eabi/13.3.1/../../../../arm-none-eabi/lib/thumb/v6-m/nofp\libc_nano.a(libc_a-closer.o)
                              C:/ST/STM32CubeIDE_1.17.0/STM32CubeIDE/plugins/com.st.stm32cube.ide.mcu.externaltools.gnu-tools-for-stm32.13.3.rel1.win32_1.0.0.202411081344/tools/bin/../lib/gcc/arm-none-eabi/13.3.1/../../../../arm-none-eabi/lib/thumb/v6-m/nofp\libc_nano.a(libc_a-stdio.o) (_close_r)
C:/ST/STM32CubeIDE_1.17.0/STM32CubeIDE/plugins/com.st.stm32cube.ide.mcu.externaltools.gnu-tools-for-stm32.13.3.rel1.win32_1.0.0.202411081344/tools/bin/../lib/gcc/arm-none-eabi/13.3.1/../../../../arm-none-eabi/lib/thumb/v6-m/nofp\libc_nano.a(libc_a-reent.o)
                              C:/ST/STM32CubeIDE_1.17.0/STM32CubeIDE/plugins/com.st.stm32cube.ide.mcu.externaltools.gnu-tools-for-stm32.13.3.rel1.win32_1.0.0.202411081344/tools/bin/../lib/gcc/arm-none-eabi/13.3.1/../../../../arm-none-eabi/lib/thumb/v6-m/nofp\libc_nano.a(libc_a-closer.o) (errno)
C:/ST/STM32CubeIDE_1.17.0/STM32CubeIDE/plugins/com.st.stm32cube.ide.mcu.externaltools.gnu-tools-for-stm32.13.3.rel1.win32_1.0.0.202411081344/tools/bin/../lib/gcc/arm-none-eabi/13.3.1/../../../../arm-none-eabi/lib/thumb/v6-m/nofp\libc_nano.a(libc_a-impure.o)
                              C:/ST/STM32CubeIDE_1.17.0/STM32CubeIDE/plugins/com.st.stm32cube.ide.mcu.externaltools.gnu-tools-for-stm32.13.3.rel1.win32_1.0.0.202411081344/tools/bin/../lib/gcc/arm-none-eabi/13.3.1/../../../../arm-none-eabi/lib/thumb/v6-m/nofp\libc_nano.a(libc_a-reent.o) (_impure_ptr)
C:/ST/STM32CubeIDE_1.17.0/STM32CubeIDE/plugins/com.st.stm32cube.ide.mcu.externaltools.gnu-tools-for-stm32.13.3.rel1.win32_1.0.0.202411081344/tools/bin/../lib/gcc/arm-none-eabi/13.3.1/../../../../arm-none-eabi/lib/thumb/v6-m/nofp\libc_nano.a(libc_a-lseekr.o)
[...]
Memory Configuration

Name             Origin             Length             Attributes
RAM              0x20000000         0x00003000         xrw
FLASH            0x08000000         0x00008000         xr
*default*        0x00000000         0xffffffff

Linker script and memory map

LOAD C:/ST/STM32CubeIDE_1.17.0/STM32CubeIDE/plugins/com.st.stm32cube.ide.mcu.externaltools.gnu-tools-for-stm32.13.3.rel1.win32_1.0.0.202411081344/tools/bin/../lib/gcc/arm-none-eabi/13.3.1/thumb/v6-m/nofp/crti.o
LOAD C:/ST/STM32CubeIDE_1.17.0/STM32CubeIDE/plugins/com.st.stm32cube.ide.mcu.externaltools.gnu-tools-for-stm32.13.3.rel1.win32_1.0.0.202411081344/tools/bin/../lib/gcc/arm-none-eabi/13.3.1/thumb/v6-m/nofp/crtbegin.o
LOAD C:/ST/STM32CubeIDE_1.17.0/STM32CubeIDE/plugins/com.st.stm32cube.ide.mcu.externaltools.gnu-tools-for-stm32.13.3.rel1.win32_1.0.0.202411081344/tools/bin/../lib/gcc/arm-none-eabi/13.3.1/../../../../arm-none-eabi/lib/thumb/v6-m/nofp/crt0.o
LOAD ./Core/Src/app_freertos.o
LOAD ./Core/Src/main.o
LOAD ./Core/Src/stm32c0xx_hal_msp.o
LOAD ./Core/Src/stm32c0xx_hal_timebase_tim.o
LOAD ./Core/Src/stm32c0xx_it.o
LOAD ./Core/Src/syscalls.o
LOAD ./Core/Src/sysmem.o
LOAD ./Core/Src/system_stm32c0xx.o
LOAD ./Core/Startup/startup_stm32c031c6tx.o
LOAD ./Drivers/BSP/STM32C0xx_Nucleo/stm32c0xx_nucleo.o
LOAD ./Drivers/STM32C0xx_HAL_Driver/Src/stm32c0xx_hal.o
LOAD ./Drivers/STM32C0xx_HAL_Driver/Src/stm32c0xx_hal_adc.o
LOAD ./Drivers/STM32C0xx_HAL_Driver/Src/stm32c0xx_hal_adc_ex.o
LOAD ./Drivers/STM32C0xx_HAL_Driver/Src/stm32c0xx_hal_cortex.o
LOAD ./Drivers/STM32C0xx_HAL_Driver/Src/stm32c0xx_hal_dma.o
LOAD ./Drivers/STM32C0xx_HAL_Driver/Src/stm32c0xx_hal_dma_ex.o
LOAD ./Drivers/STM32C0xx_HAL_Driver/Src/stm32c0xx_hal_exti.o
LOAD ./Drivers/STM32C0xx_HAL_Driver/Src/stm32c0xx_hal_flash.o
LOAD ./Drivers/STM32C0xx_HAL_Driver/Src/stm32c0xx_hal_flash_ex.o
LOAD ./Drivers/STM32C0xx_HAL_Driver/Src/stm32c0xx_hal_gpio.o
LOAD ./Drivers/STM32C0xx_HAL_Driver/Src/stm32c0xx_hal_pwr.o
LOAD ./Drivers/STM32C0xx_HAL_Driver/Src/stm32c0xx_hal_pwr_ex.o
LOAD ./Drivers/STM32C0xx_HAL_Driver/Src/stm32c0xx_hal_rcc.o
LOAD ./Drivers/STM32C0xx_HAL_Driver/Src/stm32c0xx_hal_rcc_ex.o
LOAD ./Drivers/STM32C0xx_HAL_Driver/Src/stm32c0xx_hal_tim.o
LOAD ./Drivers/STM32C0xx_HAL_Driver/Src/stm32c0xx_hal_tim_ex.o
LOAD ./Drivers/STM32C0xx_HAL_Driver/Src/stm32c0xx_hal_uart.o
LOAD ./Drivers/STM32C0xx_HAL_Driver/Src/stm32c0xx_hal_uart_ex.o
LOAD ./Drivers/STM32C0xx_HAL_Driver/Src/stm32c0xx_hal_usart.o
LOAD ./Drivers/STM32C0xx_HAL_Driver/Src/stm32c0xx_hal_usart_ex.o
LOAD ./Middlewares/Third_Party/FreeRTOS/Source/CMSIS_RTOS_V2/cmsis_os2.o
LOAD ./Middlewares/Third_Party/FreeRTOS/Source/croutine.o
LOAD ./Middlewares/Third_Party/FreeRTOS/Source/event_groups.o
LOAD ./Middlewares/Third_Party/FreeRTOS/Source/list.o
LOAD ./Middlewares/Third_Party/FreeRTOS/Source/queue.o
LOAD ./Middlewares/Third_Party/FreeRTOS/Source/stream_buffer.o
LOAD ./Middlewares/Third_Party/FreeRTOS/Source/tasks.o
LOAD ./Middlewares/Third_Party/FreeRTOS/Source/timers.o
LOAD ./Middlewares/Third_Party/FreeRTOS/Source/portable/GCC/ARM_CM0/port.o
LOAD ./Middlewares/Third_Party/FreeRTOS/Source/portable/MemMang/heap_4.o
START GROUP
LOAD C:/ST/STM32CubeIDE_1.17.0/STM32CubeIDE/plugins/com.st.stm32cube.ide.mcu.externaltools.gnu-tools-for-stm32.13.3.rel1.win32_1.0.0.202411081344/tools/bin/../lib/gcc/arm-none-eabi/13.3.1/../../../../arm-none-eabi/lib/thumb/v6-m/nofp\libc_nano.a
LOAD C:/ST/STM32CubeIDE_1.17.0/STM32CubeIDE/plugins/com.st.stm32cube.ide.mcu.externaltools.gnu-tools-for-stm32.13.3.rel1.win32_1.0.0.202411081344/tools/bin/../lib/gcc/arm-none-eabi/13.3.1/../../../../arm-none-eabi/lib/thumb/v6-m/nofp\libm.a
END GROUP
START GROUP
LOAD C:/ST/STM32CubeIDE_1.17.0/STM32CubeIDE/plugins/com.st.stm32cube.ide.mcu.externaltools.gnu-tools-for-stm32.13.3.rel1.win32_1.0.0.202411081344/tools/bin/../lib/gcc/arm-none-eabi/13.3.1/thumb/v6-m/nofp\libgcc.a
LOAD C:/ST/STM32CubeIDE_1.17.0/STM32CubeIDE/plugins/com.st.stm32cube.ide.mcu.externaltools.gnu-tools-for-stm32.13.3.rel1.win32_1.0.0.202411081344/tools/bin/../lib/gcc/arm-none-eabi/13.3.1/../../../../arm-none-eabi/lib/thumb/v6-m/nofp\libc_nano.a
END GROUP
START GROUP
LOAD C:/ST/STM32CubeIDE_1.17.0/STM32CubeIDE/plugins/com.st.stm32cube.ide.mcu.externaltools.gnu-tools-for-stm32.13.3.rel1.win32_1.0.0.202411081344/tools/bin/../lib/gcc/arm-none-eabi/13.3.1/thumb/v6-m/nofp\libgcc.a
LOAD C:/ST/STM32CubeIDE_1.17.0/STM32CubeIDE/plugins/com.st.stm32cube.ide.mcu.externaltools.gnu-tools-for-stm32.13.3.rel1.win32_1.0.0.202411081344/tools/bin/../lib/gcc/arm-none-eabi/13.3.1/../../../../arm-none-eabi/lib/thumb/v6-m/nofp\libc_nano.a
LOAD C:/ST/STM32CubeIDE_1.17.0/STM32CubeIDE/plugins/com.st.stm32cube.ide.mcu.externaltools.gnu-tools-for-stm32.13.3.rel1.win32_1.0.0.202411081344/tools/bin/../lib/gcc/arm-none-eabi/13.3.1/../../../../arm-none-eabi/lib/thumb/v6-m/nofp\libnosys.a
END GROUP
START GROUP
LOAD C:/ST/STM32CubeIDE_1.17.0/STM32CubeIDE/plugins/com.st.stm32cube.ide.mcu.externaltools.gnu-tools-for-stm32.13.3.rel1.win32_1.0.0.202411081344/tools/bin/../lib/gcc/arm-none-eabi/13.3.1/thumb/v6-m/nofp\libgcc.a
LOAD C:/ST/STM32CubeIDE_1.17.0/STM32CubeIDE/plugins/com.st.stm32cube.ide.mcu.externaltools.gnu-tools-for-stm32.13.3.rel1.win32_1.0.0.202411081344/tools/bin/../lib/gcc/arm-none-eabi/13.3.1/../../../../arm-none-eabi/lib/thumb/v6-m/nofp\libc_nano.a
LOAD C:/ST/STM32CubeIDE_1.17.0/STM32CubeIDE/plugins/com.st.stm32cube.ide.mcu.externaltools.gnu-tools-for-stm32.13.3.rel1.win32_1.0.0.202411081344/tools/bin/../lib/gcc/arm-none-eabi/13.3.1/../../../../arm-none-eabi/lib/thumb/v6-m/nofp\libnosys.a
END GROUP
LOAD C:/ST/STM32CubeIDE_1.17.0/STM32CubeIDE/plugins/com.st.stm32cube.ide.mcu.externaltools.gnu-tools-for-stm32.13.3.rel1.win32_1.0.0.202411081344/tools/bin/../lib/gcc/arm-none-eabi/13.3.1/thumb/v6-m/nofp/crtend.o
LOAD C:/ST/STM32CubeIDE_1.17.0/STM32CubeIDE/plugins/com.st.stm32cube.ide.mcu.externaltools.gnu-tools-for-stm32.13.3.rel1.win32_1.0.0.202411081344/tools/bin/../lib/gcc/arm-none-eabi/13.3.1/thumb/v6-m/nofp/crtn.o
                0x20003000                        _estack = (ORIGIN (RAM) + LENGTH (RAM))
                0x00000200                        _Min_Heap_Size = 0x200
                0x00000400                        _Min_Stack_Size = 0x400

.isr_vector     0x08000000       0xc0
                0x08000000                        . = ALIGN (0x4)
 *(.isr_vector)
 .isr_vector    0x08000000       0xc0 ./Core/Startup/startup_stm32c031c6tx.o
                0x08000000                g_pfnVectors
                0x080000c0                        . = ALIGN (0x4)

.text           0x080000c0     0x64a8
                0x080000c0                        . = ALIGN (0x4)
 *(.text)
 .text          0x080000c0       0x48 C:/ST/STM32CubeIDE_1.17.0/STM32CubeIDE/plugins/com.st.stm32cube.ide.mcu.externaltools.gnu-tools-for-stm32.13.3.rel1.win32_1.0.0.202411081344/tools/bin/../lib/gcc/arm-none-eabi/13.3.1/thumb/v6-m/nofp/crtbegin.o
 .text          0x08000108      0x114 C:/ST/STM32CubeIDE_1.17.0/STM32CubeIDE/plugins/com.st.stm32cube.ide.mcu.externaltools.gnu-tools-for-stm32.13.3.rel1.win32_1.0.0.202411081344/tools/bin/../lib/gcc/arm-none-eabi/13.3.1/thumb/v6-m/nofp\libgcc.a(_udivsi3.o)
                0x08000108                __aeabi_uidiv
                0x08000108                __udivsi3
                0x08000214                __aeabi_uidivmod
 .text          0x0800021c        0x4 C:/ST/STM32CubeIDE_1.17.0/STM32CubeIDE/plugins/com.st.stm32cube.ide.mcu.externaltools.gnu-tools-for-stm32.13.3.rel1.win32_1.0.0.202411081344/tools/bin/../lib/gcc/arm-none-eabi/13.3.1/thumb/v6-m/nofp\libgcc.a(_dvmd_tls.o)
                0x0800021c                __aeabi_idiv0
                0x0800021c                __aeabi_ldiv0
 *(.text*)
 .text.MX_FREERTOS_Init
                0x08000220       0x48 ./Core/Src/app_freertos.o
                0x08000220                MX_FREERTOS_Init
 .text.StartDefaultTask
                0x08000268       0x10 ./Core/Src/app_freertos.o
                0x08000268                StartDefaultTask
 .text.StartSoilSensorTask
                0x08000278       0xe0 ./Core/Src/app_freertos.o
                0x08000278                StartSoilSensorTask
 .text.main     0x08000358       0x78 ./Core/Src/main.o
                0x08000358                main
 .text.SystemClock_Config
                0x080003d0       0x90 ./Core/Src/main.o
                0x080003d0                SystemClock_Config
 .text.MX_ADC1_Init
                0x08000460       0xe4 ./Core/Src/main.o
 .text.MX_GPIO_Init
                0x08000544      0x10c ./Core/Src/main.o
 .text.HAL_TIM_PeriodElapsedCallback
                0x08000650       0x24 ./Core/Src/main.o
                0x08000650                HAL_TIM_PeriodElapsedCallback
 .text.Error_Handler
                0x08000674        0xc ./Core/Src/main.o
                0x08000674                Error_Handler
 .text.HAL_MspInit
                0x08000680       0x54 ./Core/Src/stm32c0xx_hal_msp.o
                0x08000680                HAL_MspInit
 .text.HAL_ADC_MspInit
                0x080006d4       0xb8 ./Core/Src/stm32c0xx_hal_msp.o
                0x080006d4                HAL_ADC_MspInit
 .text.HAL_InitTick
                0x0800078c       0xcc ./Core/Src/stm32c0xx_hal_timebase_tim.o
                0x0800078c                HAL_InitTick
 .text.NMI_Handler
                0x08000858        0x8 ./Core/Src/stm32c0xx_it.o
                0x08000858                NMI_Handler
 .text.HardFault_Handler
                0x08000860        0x8 ./Core/Src/stm32c0xx_it.o
                0x08000860                HardFault_Handler
 .text.EXTI4_15_IRQHandler
                0x08000868       0x10 ./Core/Src/stm32c0xx_it.o
                0x08000868                EXTI4_15_IRQHandler
 .text.TIM3_IRQHandler
                0x08000878       0x18 ./Core/Src/stm32c0xx_it.o
                0x08000878                TIM3_IRQHandler
 .text.SystemInit
                0x08000890       0x18 ./Core/Src/system_stm32c0xx.o
                0x08000890                SystemInit
 .text.Reset_Handler
                0x080008a8       0x50 ./Core/Startup/startup_stm32c031c6tx.o
                0x080008a8                Reset_Handler
 .text.Default_Handler
                0x080008f8        0x2 ./Core/Startup/startup_stm32c031c6tx.o
                0x080008f8                TIM1_CC_IRQHandler
                0x080008f8                I2C1_IRQHandler
                0x080008f8                DMAMUX1_IRQHandler
                0x080008f8                SPI1_IRQHandler
                0x080008f8                EXTI2_3_IRQHandler
                0x080008f8                ADC1_IRQHandler
                0x080008f8                TIM17_IRQHandler
                0x080008f8                RTC_IRQHandler
                0x080008f8                TIM16_IRQHandler
                0x080008f8                RCC_IRQHandler
                0x080008f8                DMA1_Channel1_IRQHandler
                0x080008f8                Default_Handler
                0x080008f8                TIM14_IRQHandler
                0x080008f8                EXTI0_1_IRQHandler
                0x080008f8                WWDG_IRQHandler
                0x080008f8                DMA1_Channel2_3_IRQHandler
                0x080008f8                USART2_IRQHandler
                0x080008f8                FLASH_IRQHandler
                0x080008f8                USART1_IRQHandler
                0x080008f8                TIM1_BRK_UP_TRG_COM_IRQHandler
 *fill*         0x080008fa        0x2 
 .text.BSP_LED_Init
                0x080008fc       0xd4 ./Drivers/BSP/STM32C0xx_Nucleo/stm32c0xx_nucleo.o
                0x080008fc                BSP_LED_Init
 .text.BSP_PB_Init
                0x080009d0      0x108 ./Drivers/BSP/STM32C0xx_Nucleo/stm32c0xx_nucleo.o
                0x080009d0                BSP_PB_Init
 .text.BSP_PB_IRQHandler
                0x08000ad8       0x30 ./Drivers/BSP/STM32C0xx_Nucleo/stm32c0xx_nucleo.o
                0x08000ad8                BSP_PB_IRQHandler
 .text.BSP_PB_Callback
                0x08000b08       0x14 ./Drivers/BSP/STM32C0xx_Nucleo/stm32c0xx_nucleo.o
                0x08000b08                BSP_PB_Callback
 .text.BSP_COM_Init
                0x08000b1c       0x64 ./Drivers/BSP/STM32C0xx_Nucleo/stm32c0xx_nucleo.o
                0x08000b1c                BSP_COM_Init
 .text.MX_USART2_Init
                0x08000b80       0x6c ./Drivers/BSP/STM32C0xx_Nucleo/stm32c0xx_nucleo.o
                0x08000b80                MX_USART2_Init
 .text.BUTTON_USER_EXTI_Callback
                0x08000bec       0x10 ./Drivers/BSP/STM32C0xx_Nucleo/stm32c0xx_nucleo.o
 .text.COM1_MspInit
                0x08000bfc       0xb0 ./Drivers/BSP/STM32C0xx_Nucleo/stm32c0xx_nucleo.o
 .text.HAL_Init
                0x08000cac       0x2e ./Drivers/STM32C0xx_HAL_Driver/Src/stm32c0xx_hal.o
                0x08000cac                HAL_Init
 *fill*         0x08000cda        0x2 
 .text.HAL_IncTick
                0x08000cdc       0x24 ./Drivers/STM32C0xx_HAL_Driver/Src/stm32c0xx_hal.o
                0x08000cdc                HAL_IncTick
 .text.HAL_GetTick
                0x08000d00       0x14 ./Drivers/STM32C0xx_HAL_Driver/Src/stm32c0xx_hal.o
                0x08000d00                HAL_GetTick
 .text.LL_ADC_SetCommonPathInternalCh
                0x08000d14       0x28 ./Drivers/STM32C0xx_HAL_Driver/Src/stm32c0xx_hal_adc.o
 .text.LL_ADC_GetCommonPathInternalCh
                0x08000d3c       0x1a ./Drivers/STM32C0xx_HAL_Driver/Src/stm32c0xx_hal_adc.o
 .text.LL_ADC_SetSamplingTimeCommonChannels
                0x08000d56       0x3a ./Drivers/STM32C0xx_HAL_Driver/Src/stm32c0xx_hal_adc.o
 .text.LL_ADC_GetSamplingTimeCommonChannels
                0x08000d90       0x2e ./Drivers/STM32C0xx_HAL_Driver/Src/stm32c0xx_hal_adc.o
 .text.LL_ADC_REG_IsTriggerSourceSWStart
                0x08000dbe       0x22 ./Drivers/STM32C0xx_HAL_Driver/Src/stm32c0xx_hal_adc.o
 .text.LL_ADC_REG_SetSequencerRanks
                0x08000de0       0x40 ./Drivers/STM32C0xx_HAL_Driver/Src/stm32c0xx_hal_adc.o
 .text.LL_ADC_REG_SetSequencerChAdd
                0x08000e20       0x22 ./Drivers/STM32C0xx_HAL_Driver/Src/stm32c0xx_hal_adc.o
 .text.LL_ADC_REG_SetSequencerChRem
                0x08000e42       0x24 ./Drivers/STM32C0xx_HAL_Driver/Src/stm32c0xx_hal_adc.o
 *fill*         0x08000e66        0x2 
 .text.LL_ADC_SetChannelSamplingTime
                0x08000e68       0x38 ./Drivers/STM32C0xx_HAL_Driver/Src/stm32c0xx_hal_adc.o
 .text.LL_ADC_EnableInternalRegulator
                0x08000ea0       0x28 ./Drivers/STM32C0xx_HAL_Driver/Src/stm32c0xx_hal_adc.o
 .text.LL_ADC_IsInternalRegulatorEnabled
                0x08000ec8       0x28 ./Drivers/STM32C0xx_HAL_Driver/Src/stm32c0xx_hal_adc.o
 .text.LL_ADC_Enable
                0x08000ef0       0x24 ./Drivers/STM32C0xx_HAL_Driver/Src/stm32c0xx_hal_adc.o
 .text.LL_ADC_Disable
                0x08000f14       0x24 ./Drivers/STM32C0xx_HAL_Driver/Src/stm32c0xx_hal_adc.o
 .text.LL_ADC_IsEnabled
                0x08000f38       0x22 ./Drivers/STM32C0xx_HAL_Driver/Src/stm32c0xx_hal_adc.o
 .text.LL_ADC_IsDisableOngoing
                0x08000f5a       0x22 ./Drivers/STM32C0xx_HAL_Driver/Src/stm32c0xx_hal_adc.o
 .text.LL_ADC_REG_StartConversion
                0x08000f7c       0x24 ./Drivers/STM32C0xx_HAL_Driver/Src/stm32c0xx_hal_adc.o
 .text.LL_ADC_REG_StopConversion
                0x08000fa0       0x24 ./Drivers/STM32C0xx_HAL_Driver/Src/stm32c0xx_hal_adc.o
 .text.LL_ADC_REG_IsConversionOngoing
                0x08000fc4       0x22 ./Drivers/STM32C0xx_HAL_Driver/Src/stm32c0xx_hal_adc.o
 *fill*         0x08000fe6        0x2 
 .text.HAL_ADC_Init
                0x08000fe8      0x34c ./Drivers/STM32C0xx_HAL_Driver/Src/stm32c0xx_hal_adc.o
                0x08000fe8                HAL_ADC_Init
 .text.HAL_ADC_Start
                0x08001334       0x9c ./Drivers/STM32C0xx_HAL_Driver/Src/stm32c0xx_hal_adc.o
                0x08001334                HAL_ADC_Start
 .text.HAL_ADC_Stop
                0x080013d0       0x78 ./Drivers/STM32C0xx_HAL_Driver/Src/stm32c0xx_hal_adc.o
                0x080013d0                HAL_ADC_Stop
 .text.HAL_ADC_PollForConversion
                0x08001448      0x11c ./Drivers/STM32C0xx_HAL_Driver/Src/stm32c0xx_hal_adc.o
                0x08001448                HAL_ADC_PollForConversion
 .text.HAL_ADC_GetValue
                0x08001564       0x16 ./Drivers/STM32C0xx_HAL_Driver/Src/stm32c0xx_hal_adc.o
                0x08001564                HAL_ADC_GetValue
 *fill*         0x0800157a        0x2 
 .text.HAL_ADC_ConfigChannel
                0x0800157c      0x3ac ./Drivers/STM32C0xx_HAL_Driver/Src/stm32c0xx_hal_adc.o
                0x0800157c                HAL_ADC_ConfigChannel
 .text.ADC_ConversionStop
                0x08001928       0x78 ./Drivers/STM32C0xx_HAL_Driver/Src/stm32c0xx_hal_adc.o
                0x08001928                ADC_ConversionStop
 .text.ADC_Enable
                0x080019a0       0xfc ./Drivers/STM32C0xx_HAL_Driver/Src/stm32c0xx_hal_adc.o
                0x080019a0                ADC_Enable
 .text.ADC_Disable
                0x08001a9c       0xb0 ./Drivers/STM32C0xx_HAL_Driver/Src/stm32c0xx_hal_adc.o
                0x08001a9c                ADC_Disable
 .text.__NVIC_EnableIRQ
                0x08001b4c       0x34 ./Drivers/STM32C0xx_HAL_Driver/Src/stm32c0xx_hal_cortex.o
 .text.__NVIC_SetPriority
                0x08001b80       0xdc ./Drivers/STM32C0xx_HAL_Driver/Src/stm32c0xx_hal_cortex.o
 .text.HAL_NVIC_SetPriority
                0x08001c5c       0x2a ./Drivers/STM32C0xx_HAL_Driver/Src/stm32c0xx_hal_cortex.o
                0x08001c5c                HAL_NVIC_SetPriority
 .text.HAL_NVIC_EnableIRQ
                0x08001c86       0x20 ./Drivers/STM32C0xx_HAL_Driver/Src/stm32c0xx_hal_cortex.o
                0x08001c86                HAL_NVIC_EnableIRQ
 .text.HAL_EXTI_RegisterCallback
                0x08001ca6       0x64 ./Drivers/STM32C0xx_HAL_Driver/Src/stm32c0xx_hal_exti.o
                0x08001ca6                HAL_EXTI_RegisterCallback
 .text.HAL_EXTI_GetHandle
                0x08001d0a       0x24 ./Drivers/STM32C0xx_HAL_Driver/Src/stm32c0xx_hal_exti.o
                0x08001d0a                HAL_EXTI_GetHandle
 *fill*         0x08001d2e        0x2 
 .text.HAL_EXTI_IRQHandler
                0x08001d30       0x94 ./Drivers/STM32C0xx_HAL_Driver/Src/stm32c0xx_hal_exti.o
                0x08001d30                HAL_EXTI_IRQHandler
 .text.HAL_GPIO_Init
                0x08001dc4      0x2e4 ./Drivers/STM32C0xx_HAL_Driver/Src/stm32c0xx_hal_gpio.o
                0x08001dc4                HAL_GPIO_Init
 .text.HAL_GPIO_WritePin
                0x080020a8       0x3a ./Drivers/STM32C0xx_HAL_Driver/Src/stm32c0xx_hal_gpio.o
                0x080020a8                HAL_GPIO_WritePin
 *fill*         0x080020e2        0x2 
 .text.HAL_RCC_OscConfig
                0x080020e4      0x3c8 ./Drivers/STM32C0xx_HAL_Driver/Src/stm32c0xx_hal_rcc.o
                0x080020e4                HAL_RCC_OscConfig
 .text.HAL_RCC_ClockConfig
                0x080024ac      0x200 ./Drivers/STM32C0xx_HAL_Driver/Src/stm32c0xx_hal_rcc.o
                0x080024ac                HAL_RCC_ClockConfig
 .text.HAL_RCC_GetSysClockFreq
                0x080026ac       0x80 ./Drivers/STM32C0xx_HAL_Driver/Src/stm32c0xx_hal_rcc.o
                0x080026ac                HAL_RCC_GetSysClockFreq
 .text.HAL_RCC_GetHCLKFreq
                0x0800272c       0x3c ./Drivers/STM32C0xx_HAL_Driver/Src/stm32c0xx_hal_rcc.o
                0x0800272c                HAL_RCC_GetHCLKFreq
 .text.HAL_RCC_GetPCLK1Freq
                0x08002768       0x30 ./Drivers/STM32C0xx_HAL_Driver/Src/stm32c0xx_hal_rcc.o
                0x08002768                HAL_RCC_GetPCLK1Freq
 .text.HAL_RCC_GetClockConfig
                0x08002798       0x5c ./Drivers/STM32C0xx_HAL_Driver/Src/stm32c0xx_hal_rcc.o
                0x08002798                HAL_RCC_GetClockConfig
 .text.HAL_RCCEx_PeriphCLKConfig
                0x080027f4      0x1d8 ./Drivers/STM32C0xx_HAL_Driver/Src/stm32c0xx_hal_rcc_ex.o
                0x080027f4                HAL_RCCEx_PeriphCLKConfig
 .text.HAL_TIM_Base_Init
                0x080029cc       0xb0 ./Drivers/STM32C0xx_HAL_Driver/Src/stm32c0xx_hal_tim.o
                0x080029cc                HAL_TIM_Base_Init
 .text.HAL_TIM_Base_MspInit
                0x08002a7c       0x10 ./Drivers/STM32C0xx_HAL_Driver/Src/stm32c0xx_hal_tim.o
                0x08002a7c                HAL_TIM_Base_MspInit
 .text.HAL_TIM_Base_Start_IT
                0x08002a8c       0x9c ./Drivers/STM32C0xx_HAL_Driver/Src/stm32c0xx_hal_tim.o
                0x08002a8c                HAL_TIM_Base_Start_IT
 .text.HAL_TIM_IRQHandler
                0x08002b28      0x210 ./Drivers/STM32C0xx_HAL_Driver/Src/stm32c0xx_hal_tim.o
                0x08002b28                HAL_TIM_IRQHandler
 .text.HAL_TIM_OC_DelayElapsedCallback
                0x08002d38       0x10 ./Drivers/STM32C0xx_HAL_Driver/Src/stm32c0xx_hal_tim.o
                0x08002d38                HAL_TIM_OC_DelayElapsedCallback
 .text.HAL_TIM_IC_CaptureCallback
                0x08002d48       0x10 ./Drivers/STM32C0xx_HAL_Driver/Src/stm32c0xx_hal_tim.o
                0x08002d48                HAL_TIM_IC_CaptureCallback
 .text.HAL_TIM_PWM_PulseFinishedCallback
                0x08002d58       0x10 ./Drivers/STM32C0xx_HAL_Driver/Src/stm32c0xx_hal_tim.o
                0x08002d58                HAL_TIM_PWM_PulseFinishedCallback
 .text.HAL_TIM_TriggerCallback
                0x08002d68       0x10 ./Drivers/STM32C0xx_HAL_Driver/Src/stm32c0xx_hal_tim.o
                0x08002d68                HAL_TIM_TriggerCallback
 .text.TIM_Base_SetConfig
                0x08002d78       0xe4 ./Drivers/STM32C0xx_HAL_Driver/Src/stm32c0xx_hal_tim.o
                0x08002d78                TIM_Base_SetConfig
 .text.HAL_TIMEx_CommutCallback
                0x08002e5c       0x10 ./Drivers/STM32C0xx_HAL_Driver/Src/stm32c0xx_hal_tim_ex.o
                0x08002e5c                HAL_TIMEx_CommutCallback
 .text.HAL_TIMEx_BreakCallback
                0x08002e6c       0x10 ./Drivers/STM32C0xx_HAL_Driver/Src/stm32c0xx_hal_tim_ex.o
                0x08002e6c                HAL_TIMEx_BreakCallback
 .text.HAL_TIMEx_Break2Callback
                0x08002e7c       0x10 ./Drivers/STM32C0xx_HAL_Driver/Src/stm32c0xx_hal_tim_ex.o
                0x08002e7c                HAL_TIMEx_Break2Callback
 .text.HAL_UART_Init
                0x08002e8c       0xac ./Drivers/STM32C0xx_HAL_Driver/Src/stm32c0xx_hal_uart.o
                0x08002e8c                HAL_UART_Init
 .text.HAL_UART_MspInit
                0x08002f38       0x10 ./Drivers/STM32C0xx_HAL_Driver/Src/stm32c0xx_hal_uart.o
                0x08002f38                HAL_UART_MspInit
 .text.UART_SetConfig
                0x08002f48      0x2fc ./Drivers/STM32C0xx_HAL_Driver/Src/stm32c0xx_hal_uart.o
                0x08002f48                UART_SetConfig
 .text.UART_AdvFeatureConfig
                0x08003244      0x168 ./Drivers/STM32C0xx_HAL_Driver/Src/stm32c0xx_hal_uart.o
                0x08003244                UART_AdvFeatureConfig
 .text.UART_CheckIdleState
                0x080033ac      0x154 ./Drivers/STM32C0xx_HAL_Driver/Src/stm32c0xx_hal_uart.o
                0x080033ac                UART_CheckIdleState
 .text.UART_WaitOnFlagUntilTimeout
                0x08003500       0xde ./Drivers/STM32C0xx_HAL_Driver/Src/stm32c0xx_hal_uart.o
                0x08003500                UART_WaitOnFlagUntilTimeout
 *fill*         0x080035de        0x2 
 .text.UART_EndRxTransfer
                0x080035e0       0xcc ./Drivers/STM32C0xx_HAL_Driver/Src/stm32c0xx_hal_uart.o
 .text.__NVIC_SetPriority
                0x080036ac       0xdc ./Middlewares/Third_Party/FreeRTOS/Source/CMSIS_RTOS_V2/cmsis_os2.o
 .text.SysTick_Handler
                0x08003788       0x20 ./Middlewares/Third_Party/FreeRTOS/Source/CMSIS_RTOS_V2/cmsis_os2.o
                0x08003788                SysTick_Handler
 .text.SVC_Setup
                0x080037a8       0x16 ./Middlewares/Third_Party/FreeRTOS/Source/CMSIS_RTOS_V2/cmsis_os2.o
 .text.IRQ_Context
                0x080037be       0x44 ./Middlewares/Third_Party/FreeRTOS/Source/CMSIS_RTOS_V2/cmsis_os2.o
 *fill*         0x08003802        0x2 
 .text.osKernelInitialize
                0x08003804       0x4c ./Middlewares/Third_Party/FreeRTOS/Source/CMSIS_RTOS_V2/cmsis_os2.o
                0x08003804                osKernelInitialize
 .text.osKernelStart
                0x08003850       0x54 ./Middlewares/Third_Party/FreeRTOS/Source/CMSIS_RTOS_V2/cmsis_os2.o
                0x08003850                osKernelStart
 .text.osThreadNew
                0x080038a4      0x128 ./Middlewares/Third_Party/FreeRTOS/Source/CMSIS_RTOS_V2/cmsis_os2.o
                0x080038a4                osThreadNew
 .text.osDelay  0x080039cc       0x34 ./Middlewares/Third_Party/FreeRTOS/Source/CMSIS_RTOS_V2/cmsis_os2.o
                0x080039cc                osDelay
 .text.osMutexAcquire
                0x08003a00       0x9a ./Middlewares/Third_Party/FreeRTOS/Source/CMSIS_RTOS_V2/cmsis_os2.o
                0x08003a00                osMutexAcquire
 .text.osMutexRelease
                0x08003a9a       0x78 ./Middlewares/Third_Party/FreeRTOS/Source/CMSIS_RTOS_V2/cmsis_os2.o
                0x08003a9a                osMutexRelease
 *fill*         0x08003b12        0x2 
 .text.vApplicationGetIdleTaskMemory
                0x08003b14       0x30 ./Middlewares/Third_Party/FreeRTOS/Source/CMSIS_RTOS_V2/cmsis_os2.o
                0x08003b14                vApplicationGetIdleTaskMemory
 .text.vApplicationGetTimerTaskMemory
                0x08003b44       0x30 ./Middlewares/Third_Party/FreeRTOS/Source/CMSIS_RTOS_V2/cmsis_os2.o
                0x08003b44                vApplicationGetTimerTaskMemory
 .text.vListInitialise
                0x08003b74       0x3c ./Middlewares/Third_Party/FreeRTOS/Source/list.o
                0x08003b74                vListInitialise
 .text.vListInitialiseItem
                0x08003bb0       0x16 ./Middlewares/Third_Party/FreeRTOS/Source/list.o
                0x08003bb0                vListInitialiseItem
 .text.vListInsert
                0x08003bc6       0x6c ./Middlewares/Third_Party/FreeRTOS/Source/list.o
                0x08003bc6                vListInsert
 .text.uxListRemove
                0x08003c32       0x50 ./Middlewares/Third_Party/FreeRTOS/Source/list.o
                0x08003c32                uxListRemove
 .text.xQueueGenericReset
                0x08003c82      0x116 ./Middlewares/Third_Party/FreeRTOS/Source/queue.o
                0x08003c82                xQueueGenericReset
 .text.xQueueGenericCreateStatic
                0x08003d98       0x8e ./Middlewares/Third_Party/FreeRTOS/Source/queue.o
                0x08003d98                xQueueGenericCreateStatic
 .text.prvInitialiseNewQueue
                0x08003e26       0x4e ./Middlewares/Third_Party/FreeRTOS/Source/queue.o
 .text.xQueueGiveMutexRecursive
                0x08003e74       0x58 ./Middlewares/Third_Party/FreeRTOS/Source/queue.o
                0x08003e74                xQueueGiveMutexRecursive
 .text.xQueueTakeMutexRecursive
                0x08003ecc       0x62 ./Middlewares/Third_Party/FreeRTOS/Source/queue.o
                0x08003ecc                xQueueTakeMutexRecursive
 .text.xQueueGenericSend
                0x08003f2e      0x190 ./Middlewares/Third_Party/FreeRTOS/Source/queue.o
                0x08003f2e                xQueueGenericSend
 .text.xQueueReceive
                0x080040be      0x170 ./Middlewares/Third_Party/FreeRTOS/Source/queue.o
                0x080040be                xQueueReceive
 .text.xQueueSemaphoreTake
                0x0800422e      0x1b0 ./Middlewares/Third_Party/FreeRTOS/Source/queue.o
                0x0800422e                xQueueSemaphoreTake
 .text.prvGetDisinheritPriorityAfterTimeout
                0x080043de       0x2c ./Middlewares/Third_Party/FreeRTOS/Source/queue.o
 .text.prvCopyDataToQueue
                0x0800440a       0xd6 ./Middlewares/Third_Party/FreeRTOS/Source/queue.o
 .text.prvCopyDataFromQueue
                0x080044e0       0x4c ./Middlewares/Third_Party/FreeRTOS/Source/queue.o
 .text.prvUnlockQueue
                0x0800452c       0xbc ./Middlewares/Third_Party/FreeRTOS/Source/queue.o
 .text.prvIsQueueEmpty
                0x080045e8       0x2c ./Middlewares/Third_Party/FreeRTOS/Source/queue.o
 .text.prvIsQueueFull
                0x08004614       0x30 ./Middlewares/Third_Party/FreeRTOS/Source/queue.o
 .text.vQueueAddToRegistry
                0x08004644       0x8c ./Middlewares/Third_Party/FreeRTOS/Source/queue.o
                0x08004644                vQueueAddToRegistry
 .text.vQueueWaitForMessageRestricted
                0x080046d0       0x66 ./Middlewares/Third_Party/FreeRTOS/Source/queue.o
                0x080046d0                vQueueWaitForMessageRestricted
 .text.xTaskCreateStatic
                0x08004736       0x9a ./Middlewares/Third_Party/FreeRTOS/Source/tasks.o
                0x08004736                xTaskCreateStatic
 .text.xTaskCreate
                0x080047d0       0xa4 ./Middlewares/Third_Party/FreeRTOS/Source/tasks.o
                0x080047d0                xTaskCreate
 .text.prvInitialiseNewTask
                0x08004874      0x104 ./Middlewares/Third_Party/FreeRTOS/Source/tasks.o
 .text.prvAddNewTaskToReadyList
                0x08004978      0x11c ./Middlewares/Third_Party/FreeRTOS/Source/tasks.o
 .text.vTaskDelay
                0x08004a94       0x4c ./Middlewares/Third_Party/FreeRTOS/Source/tasks.o
                0x08004a94                vTaskDelay
 .text.vTaskStartScheduler
                0x08004ae0       0xb4 ./Middlewares/Third_Party/FreeRTOS/Source/tasks.o
                0x08004ae0                vTaskStartScheduler
 .text.vTaskSuspendAll
                0x08004b94       0x18 ./Middlewares/Third_Party/FreeRTOS/Source/tasks.o
                0x08004b94                vTaskSuspendAll
 .text.xTaskResumeAll
                0x08004bac      0x1d4 ./Middlewares/Third_Party/FreeRTOS/Source/tasks.o
                0x08004bac                xTaskResumeAll
 .text.xTaskGetTickCount
                0x08004d80       0x1c ./Middlewares/Third_Party/FreeRTOS/Source/tasks.o
                0x08004d80                xTaskGetTickCount
 .text.xTaskIncrementTick
                0x08004d9c      0x218 ./Middlewares/Third_Party/FreeRTOS/Source/tasks.o
                0x08004d9c                xTaskIncrementTick
 .text.vTaskSwitchContext
                0x08004fb4       0xa4 ./Middlewares/Third_Party/FreeRTOS/Source/tasks.o
                0x08004fb4                vTaskSwitchContext
 .text.vTaskPlaceOnEventList
                0x08005058       0x40 ./Middlewares/Third_Party/FreeRTOS/Source/tasks.o
                0x08005058                vTaskPlaceOnEventList
 .text.vTaskPlaceOnEventListRestricted
                0x08005098       0x80 ./Middlewares/Third_Party/FreeRTOS/Source/tasks.o
                0x08005098                vTaskPlaceOnEventListRestricted
 .text.xTaskRemoveFromEventList
                0x08005118      0x198 ./Middlewares/Third_Party/FreeRTOS/Source/tasks.o
                0x08005118                xTaskRemoveFromEventList
 .text.vTaskInternalSetTimeOutState
                0x080052b0       0x28 ./Middlewares/Third_Party/FreeRTOS/Source/tasks.o
                0x080052b0                vTaskInternalSetTimeOutState
 .text.xTaskCheckForTimeOut
                0x080052d8       0xac ./Middlewares/Third_Party/FreeRTOS/Source/tasks.o
                0x080052d8                xTaskCheckForTimeOut
 .text.vTaskMissedYield
                0x08005384       0x14 ./Middlewares/Third_Party/FreeRTOS/Source/tasks.o
                0x08005384                vTaskMissedYield
 .text.prvIdleTask
                0x08005398       0x20 ./Middlewares/Third_Party/FreeRTOS/Source/tasks.o
 .text.prvInitialiseTaskLists
                0x080053b8       0x88 ./Middlewares/Third_Party/FreeRTOS/Source/tasks.o
 .text.prvCheckTasksWaitingTermination
                0x08005440       0x5c ./Middlewares/Third_Party/FreeRTOS/Source/tasks.o
 .text.prvDeleteTCB
                0x0800549c       0x52 ./Middlewares/Third_Party/FreeRTOS/Source/tasks.o
 *fill*         0x080054ee        0x2 
 .text.prvResetNextTaskUnblockTime
                0x080054f0       0x34 ./Middlewares/Third_Party/FreeRTOS/Source/tasks.o
 .text.xTaskGetCurrentTaskHandle
                0x08005524       0x1c ./Middlewares/Third_Party/FreeRTOS/Source/tasks.o
                0x08005524                xTaskGetCurrentTaskHandle
 .text.xTaskGetSchedulerState
                0x08005540       0x38 ./Middlewares/Third_Party/FreeRTOS/Source/tasks.o
                0x08005540                xTaskGetSchedulerState
 .text.xTaskPriorityInherit
                0x08005578      0x120 ./Middlewares/Third_Party/FreeRTOS/Source/tasks.o
                0x08005578                xTaskPriorityInherit
 .text.xTaskPriorityDisinherit
                0x08005698      0x108 ./Middlewares/Third_Party/FreeRTOS/Source/tasks.o
                0x08005698                xTaskPriorityDisinherit
 .text.vTaskPriorityDisinheritAfterTimeout
                0x080057a0      0x130 ./Middlewares/Third_Party/FreeRTOS/Source/tasks.o
                0x080057a0                vTaskPriorityDisinheritAfterTimeout
 .text.pvTaskIncrementMutexHeldCount
                0x080058d0       0x24 ./Middlewares/Third_Party/FreeRTOS/Source/tasks.o
                0x080058d0                pvTaskIncrementMutexHeldCount
 .text.prvAddCurrentTaskToDelayedList
                0x080058f4       0xdc ./Middlewares/Third_Party/FreeRTOS/Source/tasks.o
 .text.xTimerCreateTimerTask
                0x080059d0       0x80 ./Middlewares/Third_Party/FreeRTOS/Source/timers.o
                0x080059d0                xTimerCreateTimerTask
 .text.prvReloadTimer
                0x08005a50       0x42 ./Middlewares/Third_Party/FreeRTOS/Source/timers.o
 *fill*         0x08005a92        0x2 
 .text.prvProcessExpiredTimer
                0x08005a94       0x64 ./Middlewares/Third_Party/FreeRTOS/Source/timers.o
 .text.prvTimerTask
                0x08005af8       0x2a ./Middlewares/Third_Party/FreeRTOS/Source/timers.o
 *fill*         0x08005b22        0x2 
 .text.prvProcessTimerOrBlockTask
                0x08005b24       0x90 ./Middlewares/Third_Party/FreeRTOS/Source/timers.o
 .text.prvGetNextExpireTime
                0x08005bb4       0x44 ./Middlewares/Third_Party/FreeRTOS/Source/timers.o
 .text.prvSampleTimeNow
                0x08005bf8       0x40 ./Middlewares/Third_Party/FreeRTOS/Source/timers.o
 .text.prvInsertTimerInActiveList
                0x08005c38       0x84 ./Middlewares/Third_Party/FreeRTOS/Source/timers.o
 .text.prvProcessReceivedCommands
                0x08005cbc      0x18c ./Middlewares/Third_Party/FreeRTOS/Source/timers.o
 .text.prvSwitchTimerLists
                0x08005e48       0x50 ./Middlewares/Third_Party/FreeRTOS/Source/timers.o
 .text.prvCheckForValidListAndQueue
                0x08005e98       0x84 ./Middlewares/Third_Party/FreeRTOS/Source/timers.o
 .text.pxPortInitialiseStack
                0x08005f1c       0x54 ./Middlewares/Third_Party/FreeRTOS/Source/portable/GCC/ARM_CM0/port.o
                0x08005f1c                pxPortInitialiseStack
 .text.prvTaskExitError
                0x08005f70       0x30 ./Middlewares/Third_Party/FreeRTOS/Source/portable/GCC/ARM_CM0/port.o
 .text.SVC_Handler
                0x08005fa0        0xa ./Middlewares/Third_Party/FreeRTOS/Source/portable/GCC/ARM_CM0/port.o
                0x08005fa0                SVC_Handler
 *fill*         0x08005faa        0x6 
 .text.vPortStartFirstTask
                0x08005fb0       0x38 ./Middlewares/Third_Party/FreeRTOS/Source/portable/GCC/ARM_CM0/port.o
 .text.xPortStartScheduler
                0x08005fe8       0x48 ./Middlewares/Third_Party/FreeRTOS/Source/portable/GCC/ARM_CM0/port.o
                0x08005fe8                xPortStartScheduler
 .text.vPortYield
                0x08006030       0x20 ./Middlewares/Third_Party/FreeRTOS/Source/portable/GCC/ARM_CM0/port.o
                0x08006030                vPortYield
 .text.vPortEnterCritical
                0x08006050       0x24 ./Middlewares/Third_Party/FreeRTOS/Source/portable/GCC/ARM_CM0/port.o
                0x08006050                vPortEnterCritical
 .text.vPortExitCritical
                0x08006074       0x30 ./Middlewares/Third_Party/FreeRTOS/Source/portable/GCC/ARM_CM0/port.o
                0x08006074                vPortExitCritical
 .text.ulSetInterruptMaskFromISR
                0x080060a4        0xc ./Middlewares/Third_Party/FreeRTOS/Source/portable/GCC/ARM_CM0/port.o
                0x080060a4                ulSetInterruptMaskFromISR
 .text.vClearInterruptMaskFromISR
                0x080060b0        0x8 ./Middlewares/Third_Party/FreeRTOS/Source/portable/GCC/ARM_CM0/port.o
                0x080060b0                vClearInterruptMaskFromISR
 *fill*         0x080060b8        0x8 
 .text.PendSV_Handler
                0x080060c0       0x48 ./Middlewares/Third_Party/FreeRTOS/Source/portable/GCC/ARM_CM0/port.o
                0x080060c0                PendSV_Handler
 .text.xPortSysTickHandler
                0x08006108       0x34 ./Middlewares/Third_Party/FreeRTOS/Source/portable/GCC/ARM_CM0/port.o
                0x08006108                xPortSysTickHandler
 .text.vPortSetupTimerInterrupt
                0x0800613c       0x44 ./Middlewares/Third_Party/FreeRTOS/Source/portable/GCC/ARM_CM0/port.o
                0x0800613c                vPortSetupTimerInterrupt
 .text.pvPortMalloc
                0x08006180      0x170 ./Middlewares/Third_Party/FreeRTOS/Source/portable/MemMang/heap_4.o
                0x08006180                pvPortMalloc
 .text.vPortFree
                0x080062f0       0x90 ./Middlewares/Third_Party/FreeRTOS/Source/portable/MemMang/heap_4.o
                0x080062f0                vPortFree
 .text.prvHeapInit
                0x08006380       0xb4 ./Middlewares/Third_Party/FreeRTOS/Source/portable/MemMang/heap_4.o
 .text.prvInsertBlockIntoFreeList
                0x08006434       0xb0 ./Middlewares/Third_Party/FreeRTOS/Source/portable/MemMang/heap_4.o
 .text.memset   0x080064e4       0x10 C:/ST/STM32CubeIDE_1.17.0/STM32CubeIDE/plugins/com.st.stm32cube.ide.mcu.externaltools.gnu-tools-for-stm32.13.3.rel1.win32_1.0.0.202411081344/tools/bin/../lib/gcc/arm-none-eabi/13.3.1/../../../../arm-none-eabi/lib/thumb/v6-m/nofp\libc_nano.a(libc_a-memset.o)
                0x080064e4                memset
 .text.__libc_init_array
                0x080064f4       0x48 C:/ST/STM32CubeIDE_1.17.0/STM32CubeIDE/plugins/com.st.stm32cube.ide.mcu.externaltools.gnu-tools-for-stm32.13.3.rel1.win32_1.0.0.202411081344/tools/bin/../lib/gcc/arm-none-eabi/13.3.1/../../../../arm-none-eabi/lib/thumb/v6-m/nofp\libc_nano.a(libc_a-init.o)
                0x080064f4                __libc_init_array
 .text.memcpy   0x0800653c       0x12 C:/ST/STM32CubeIDE_1.17.0/STM32CubeIDE/plugins/com.st.stm32cube.ide.mcu.externaltools.gnu-tools-for-stm32.13.3.rel1.win32_1.0.0.202411081344/tools/bin/../lib/gcc/arm-none-eabi/13.3.1/../../../../arm-none-eabi/lib/thumb/v6-m/nofp\libc_nano.a(libc_a-memcpy-stub.o)
                0x0800653c                memcpy
 *(.glue_7)
 .glue_7        0x0800654e        0x0 linker stubs
 *(.glue_7t)
 .glue_7t       0x0800654e        0x0 linker stubs
 *(.eh_frame)
 *fill*         0x0800654e        0x2 
 .eh_frame      0x08006550        0x0 C:/ST/STM32CubeIDE_1.17.0/STM32CubeIDE/plugins/com.st.stm32cube.ide.mcu.externaltools.gnu-tools-for-stm32.13.3.rel1.win32_1.0.0.202411081344/tools/bin/../lib/gcc/arm-none-eabi/13.3.1/thumb/v6-m/nofp/crtbegin.o
 *(.init)
 .init          0x08006550        0x4 C:/ST/STM32CubeIDE_1.17.0/STM32CubeIDE/plugins/com.st.stm32cube.ide.mcu.externaltools.gnu-tools-for-stm32.13.3.rel1.win32_1.0.0.202411081344/tools/bin/../lib/gcc/arm-none-eabi/13.3.1/thumb/v6-m/nofp/crti.o
                0x08006550                _init
 .init          0x08006554        0x8 C:/ST/STM32CubeIDE_1.17.0/STM32CubeIDE/plugins/com.st.stm32cube.ide.mcu.externaltools.gnu-tools-for-stm32.13.3.rel1.win32_1.0.0.202411081344/tools/bin/../lib/gcc/arm-none-eabi/13.3.1/thumb/v6-m/nofp/crtn.o
 *(.fini)
 .fini          0x0800655c        0x4 C:/ST/STM32CubeIDE_1.17.0/STM32CubeIDE/plugins/com.st.stm32cube.ide.mcu.externaltools.gnu-tools-for-stm32.13.3.rel1.win32_1.0.0.202411081344/tools/bin/../lib/gcc/arm-none-eabi/13.3.1/thumb/v6-m/nofp/crti.o
                0x0800655c                _fini
 .fini          0x08006560        0x8 C:/ST/STM32CubeIDE_1.17.0/STM32CubeIDE/plugins/com.st.stm32cube.ide.mcu.externaltools.gnu-tools-for-stm32.13.3.rel1.win32_1.0.0.202411081344/tools/bin/../lib/gcc/arm-none-eabi/13.3.1/thumb/v6-m/nofp/crtn.o
                0x08006568                        . = ALIGN (0x4)
                0x08006568                        _etext = .

.vfp11_veneer   0x08006568        0x0
 .vfp11_veneer  0x08006568        0x0 linker stubs

.v4_bx          0x08006568        0x0
 .v4_bx         0x08006568        0x0 linker stubs

.iplt           0x08006568        0x0
 .iplt          0x08006568        0x0 C:/ST/STM32CubeIDE_1.17.0/STM32CubeIDE/plugins/com.st.stm32cube.ide.mcu.externaltools.gnu-tools-for-stm32.13.3.rel1.win32_1.0.0.202411081344/tools/bin/../lib/gcc/arm-none-eabi/13.3.1/thumb/v6-m/nofp/crtbegin.o

.rodata         0x08006568      0x128
                0x08006568                        . = ALIGN (0x4)
 *(.rodata)
 .rodata        0x08006568       0x1b ./Core/Src/app_freertos.o
 *fill*         0x08006583        0x1 
 .rodata        0x08006584        0x5 ./Middlewares/Third_Party/FreeRTOS/Source/tasks.o
 *fill*         0x08006589        0x3 
 .rodata        0x0800658c        0xd ./Middlewares/Third_Party/FreeRTOS/Source/timers.o
 *(.rodata*)
 *fill*         0x08006599        0x3 
 .rodata.defaultTask_attributes
                0x0800659c       0x24 ./Core/Src/app_freertos.o
                0x0800659c                defaultTask_attributes
 .rodata.soilSensorTask_attributes
                0x080065c0       0x24 ./Core/Src/app_freertos.o
                0x080065c0                soilSensorTask_attributes
 .rodata.AHBPrescTable
                0x080065e4       0x40 ./Core/Src/system_stm32c0xx.o
                0x080065e4                AHBPrescTable
 .rodata.APBPrescTable
                0x08006624       0x20 ./Core/Src/system_stm32c0xx.o
                0x08006624                APBPrescTable
 .rodata.LED_PIN
                0x08006644        0x4 ./Drivers/BSP/STM32C0xx_Nucleo/stm32c0xx_nucleo.o
 .rodata.BUTTON_EXTI_LINE.2
                0x08006648        0x4 ./Drivers/BSP/STM32C0xx_Nucleo/stm32c0xx_nucleo.o
 .rodata.UARTPrescTable
                0x0800664c       0x18 ./Drivers/STM32C0xx_HAL_Driver/Src/stm32c0xx_hal_uart.o
                0x0800664c                UARTPrescTable
 .rodata.uxTopUsedPriority
                0x08006664        0x4 ./Middlewares/Third_Party/FreeRTOS/Source/tasks.o
                0x08006664                uxTopUsedPriority
 .rodata.prvProcessReceivedCommands
                0x08006668       0x28 ./Middlewares/Third_Party/FreeRTOS/Source/timers.o
                0x08006690                        . = ALIGN (0x4)

.ARM.extab      0x08006690        0x0
                0x08006690                        . = ALIGN (0x4)
 *(.ARM.extab* .gnu.linkonce.armextab.*)
                0x08006690                        . = ALIGN (0x4)

.ARM            0x08006690        0x0
                0x08006690                        . = ALIGN (0x4)
                0x08006690                        __exidx_start = .
 *(.ARM.exidx*)
                0x08006690                        __exidx_end = .
                0x08006690                        . = ALIGN (0x4)

.preinit_array  0x08006690        0x0
                0x08006690                        . = ALIGN (0x4)
                0x08006690                        PROVIDE (__preinit_array_start = .)
 *(.preinit_array*)
                0x08006690                        PROVIDE (__preinit_array_end = .)
                0x08006690                        . = ALIGN (0x4)

.init_array     0x08006690        0x4
                0x08006690                        . = ALIGN (0x4)
                0x08006690                        PROVIDE (__init_array_start = .)
 *(SORT_BY_NAME(.init_array.*))
 *(.init_array*)
 .init_array    0x08006690        0x4 C:/ST/STM32CubeIDE_1.17.0/STM32CubeIDE/plugins/com.st.stm32cube.ide.mcu.externaltools.gnu-tools-for-stm32.13.3.rel1.win32_1.0.0.202411081344/tools/bin/../lib/gcc/arm-none-eabi/13.3.1/thumb/v6-m/nofp/crtbegin.o
                0x08006694                        PROVIDE (__init_array_end = .)
                0x08006694                        . = ALIGN (0x4)

.fini_array     0x08006694        0x4
                0x08006694                        . = ALIGN (0x4)
                [!provide]                        PROVIDE (__fini_array_start = .)
 *(SORT_BY_NAME(.fini_array.*))
 *(.fini_array*)
 .fini_array    0x08006694        0x4 C:/ST/STM32CubeIDE_1.17.0/STM32CubeIDE/plugins/com.st.stm32cube.ide.mcu.externaltools.gnu-tools-for-stm32.13.3.rel1.win32_1.0.0.202411081344/tools/bin/../lib/gcc/arm-none-eabi/13.3.1/thumb/v6-m/nofp/crtbegin.o
                [!provide]                        PROVIDE (__fini_array_end = .)
                0x08006698                        . = ALIGN (0x4)
                0x08006698                        _sidata = LOADADDR (.data)

.rel.dyn        0x08006698        0x0
 .rel.iplt      0x08006698        0x0 C:/ST/STM32CubeIDE_1.17.0/STM32CubeIDE/plugins/com.st.stm32cube.ide.mcu.externaltools.gnu-tools-for-stm32.13.3.rel1.win32_1.0.0.202411081344/tools/bin/../lib/gcc/arm-none-eabi/13.3.1/thumb/v6-m/nofp/crtbegin.o

.data           0x20000000       0x28 load address 0x08006698
                0x20000000                        . = ALIGN (0x4)
                0x20000000                        _sdata = .
 *(.data)
 *(.data*)
 .data.SystemCoreClock
                0x20000000        0x4 ./Core/Src/system_stm32c0xx.o
                0x20000000                SystemCoreClock
 .data.COM_USART
                0x20000004        0x4 ./Drivers/BSP/STM32C0xx_Nucleo/stm32c0xx_nucleo.o
                0x20000004                COM_USART
 .data.LED_PORT
                0x20000008        0x8 ./Drivers/BSP/STM32C0xx_Nucleo/stm32c0xx_nucleo.o
 .data.BUTTON_PORT
                0x20000010        0x4 ./Drivers/BSP/STM32C0xx_Nucleo/stm32c0xx_nucleo.o
 .data.ButtonCallback.1
                0x20000014        0x4 ./Drivers/BSP/STM32C0xx_Nucleo/stm32c0xx_nucleo.o
 .data.BSP_BUTTON_PRIO.0
                0x20000018        0x4 ./Drivers/BSP/STM32C0xx_Nucleo/stm32c0xx_nucleo.o
 .data.uwTickPrio
                0x2000001c        0x4 ./Drivers/STM32C0xx_HAL_Driver/Src/stm32c0xx_hal.o
                0x2000001c                uwTickPrio
 .data.uwTickFreq
                0x20000020        0x1 ./Drivers/STM32C0xx_HAL_Driver/Src/stm32c0xx_hal.o
                0x20000020                uwTickFreq
 *fill*         0x20000021        0x3 
 .data.uxCriticalNesting
                0x20000024        0x4 ./Middlewares/Third_Party/FreeRTOS/Source/portable/GCC/ARM_CM0/port.o
 *(.RamFunc)
 *(.RamFunc*)
                0x20000028                        . = ALIGN (0x4)
                0x20000028                        _edata = .

.igot.plt       0x20000028        0x0 load address 0x080066c0
 .igot.plt      0x20000028        0x0 C:/ST/STM32CubeIDE_1.17.0/STM32CubeIDE/plugins/com.st.stm32cube.ide.mcu.externaltools.gnu-tools-for-stm32.13.3.rel1.win32_1.0.0.202411081344/tools/bin/../lib/gcc/arm-none-eabi/13.3.1/thumb/v6-m/nofp/crtbegin.o
                0x20000028                        . = ALIGN (0x4)

.bss            0x20000028     0x1cd4 load address 0x080066c0
                0x20000028                        _sbss = .
                0x20000028                        __bss_start__ = _sbss
 *(.bss)
 .bss           0x20000028       0x1c C:/ST/STM32CubeIDE_1.17.0/STM32CubeIDE/plugins/com.st.stm32cube.ide.mcu.externaltools.gnu-tools-for-stm32.13.3.rel1.win32_1.0.0.202411081344/tools/bin/../lib/gcc/arm-none-eabi/13.3.1/thumb/v6-m/nofp/crtbegin.o
 *(.bss*)
 .bss.sensorData
                0x20000044        0x4 ./Core/Src/app_freertos.o
                0x20000044                sensorData
 .bss.dataMutex
                0x20000048        0x4 ./Core/Src/app_freertos.o
                0x20000048                dataMutex
 .bss.defaultTaskHandle
                0x2000004c        0x4 ./Core/Src/app_freertos.o
                0x2000004c                defaultTaskHandle
 .bss.soilSensorTaskHandle
                0x20000050        0x4 ./Core/Src/app_freertos.o
                0x20000050                soilSensorTaskHandle
 .bss.BspCOMInit
                0x20000054       0x10 ./Core/Src/main.o
                0x20000054                BspCOMInit
 .bss.hadc1     0x20000064       0x64 ./Core/Src/main.o
                0x20000064                hadc1
 .bss.htim3     0x200000c8       0x4c ./Core/Src/stm32c0xx_hal_timebase_tim.o
                0x200000c8                htim3
 .bss.hpb_exti  0x20000114        0xc ./Drivers/BSP/STM32C0xx_Nucleo/stm32c0xx_nucleo.o
                0x20000114                hpb_exti
 .bss.hcom_uart
                0x20000120       0x94 ./Drivers/BSP/STM32C0xx_Nucleo/stm32c0xx_nucleo.o
                0x20000120                hcom_uart
 .bss.uwTick    0x200001b4        0x4 ./Drivers/STM32C0xx_HAL_Driver/Src/stm32c0xx_hal.o
                0x200001b4                uwTick
 .bss.KernelState
                0x200001b8        0x4 ./Middlewares/Third_Party/FreeRTOS/Source/CMSIS_RTOS_V2/cmsis_os2.o
 .bss.Idle_TCB.3
                0x200001bc       0x5c ./Middlewares/Third_Party/FreeRTOS/Source/CMSIS_RTOS_V2/cmsis_os2.o
 .bss.Idle_Stack.2
                0x20000218      0x200 ./Middlewares/Third_Party/FreeRTOS/Source/CMSIS_RTOS_V2/cmsis_os2.o
 .bss.Timer_TCB.1
                0x20000418       0x5c ./Middlewares/Third_Party/FreeRTOS/Source/CMSIS_RTOS_V2/cmsis_os2.o
 .bss.Timer_Stack.0
                0x20000474      0x200 ./Middlewares/Third_Party/FreeRTOS/Source/CMSIS_RTOS_V2/cmsis_os2.o
 .bss.xQueueRegistry
                0x20000674       0x40 ./Middlewares/Third_Party/FreeRTOS/Source/queue.o
                0x20000674                xQueueRegistry
 .bss.pxCurrentTCB
                0x200006b4        0x4 ./Middlewares/Third_Party/FreeRTOS/Source/tasks.o
                0x200006b4                pxCurrentTCB
 .bss.pxReadyTasksLists
                0x200006b8      0x460 ./Middlewares/Third_Party/FreeRTOS/Source/tasks.o
 .bss.xDelayedTaskList1
                0x20000b18       0x14 ./Middlewares/Third_Party/FreeRTOS/Source/tasks.o
 .bss.xDelayedTaskList2
                0x20000b2c       0x14 ./Middlewares/Third_Party/FreeRTOS/Source/tasks.o
 .bss.pxDelayedTaskList
                0x20000b40        0x4 ./Middlewares/Third_Party/FreeRTOS/Source/tasks.o
 .bss.pxOverflowDelayedTaskList
                0x20000b44        0x4 ./Middlewares/Third_Party/FreeRTOS/Source/tasks.o
 .bss.xPendingReadyList
                0x20000b48       0x14 ./Middlewares/Third_Party/FreeRTOS/Source/tasks.o
 .bss.xTasksWaitingTermination
                0x20000b5c       0x14 ./Middlewares/Third_Party/FreeRTOS/Source/tasks.o
 .bss.uxDeletedTasksWaitingCleanUp
                0x20000b70        0x4 ./Middlewares/Third_Party/FreeRTOS/Source/tasks.o
 .bss.xSuspendedTaskList
                0x20000b74       0x14 ./Middlewares/Third_Party/FreeRTOS/Source/tasks.o
 .bss.uxCurrentNumberOfTasks
                0x20000b88        0x4 ./Middlewares/Third_Party/FreeRTOS/Source/tasks.o
 .bss.xTickCount
                0x20000b8c        0x4 ./Middlewares/Third_Party/FreeRTOS/Source/tasks.o
 .bss.uxTopReadyPriority
                0x20000b90        0x4 ./Middlewares/Third_Party/FreeRTOS/Source/tasks.o
 .bss.xSchedulerRunning
                0x20000b94        0x4 ./Middlewares/Third_Party/FreeRTOS/Source/tasks.o
 .bss.xPendedTicks
                0x20000b98        0x4 ./Middlewares/Third_Party/FreeRTOS/Source/tasks.o
 .bss.xYieldPending
                0x20000b9c        0x4 ./Middlewares/Third_Party/FreeRTOS/Source/tasks.o
 .bss.xNumOfOverflows
                0x20000ba0        0x4 ./Middlewares/Third_Party/FreeRTOS/Source/tasks.o
 .bss.uxTaskNumber
                0x20000ba4        0x4 ./Middlewares/Third_Party/FreeRTOS/Source/tasks.o
 .bss.xNextTaskUnblockTime
                0x20000ba8        0x4 ./Middlewares/Third_Party/FreeRTOS/Source/tasks.o
 .bss.xIdleTaskHandle
                0x20000bac        0x4 ./Middlewares/Third_Party/FreeRTOS/Source/tasks.o
 .bss.uxSchedulerSuspended
                0x20000bb0        0x4 ./Middlewares/Third_Party/FreeRTOS/Source/tasks.o
 .bss.xActiveTimerList1
                0x20000bb4       0x14 ./Middlewares/Third_Party/FreeRTOS/Source/timers.o
 .bss.xActiveTimerList2
                0x20000bc8       0x14 ./Middlewares/Third_Party/FreeRTOS/Source/timers.o
 .bss.pxCurrentTimerList
                0x20000bdc        0x4 ./Middlewares/Third_Party/FreeRTOS/Source/timers.o
 .bss.pxOverflowTimerList
                0x20000be0        0x4 ./Middlewares/Third_Party/FreeRTOS/Source/timers.o
 .bss.xTimerQueue
                0x20000be4        0x4 ./Middlewares/Third_Party/FreeRTOS/Source/timers.o
 .bss.xTimerTaskHandle
                0x20000be8        0x4 ./Middlewares/Third_Party/FreeRTOS/Source/timers.o
 .bss.xLastTime.2
                0x20000bec        0x4 ./Middlewares/Third_Party/FreeRTOS/Source/timers.o
 .bss.ucStaticTimerQueueStorage.1
                0x20000bf0       0xa0 ./Middlewares/Third_Party/FreeRTOS/Source/timers.o
 .bss.xStaticTimerQueue.0
                0x20000c90       0x50 ./Middlewares/Third_Party/FreeRTOS/Source/timers.o
 .bss.ucHeap    0x20000ce0     0x1000 ./Middlewares/Third_Party/FreeRTOS/Source/portable/MemMang/heap_4.o
 .bss.xStart    0x20001ce0        0x8 ./Middlewares/Third_Party/FreeRTOS/Source/portable/MemMang/heap_4.o
 .bss.pxEnd     0x20001ce8        0x4 ./Middlewares/Third_Party/FreeRTOS/Source/portable/MemMang/heap_4.o
 .bss.xFreeBytesRemaining
                0x20001cec        0x4 ./Middlewares/Third_Party/FreeRTOS/Source/portable/MemMang/heap_4.o
 .bss.xMinimumEverFreeBytesRemaining
                0x20001cf0        0x4 ./Middlewares/Third_Party/FreeRTOS/Source/portable/MemMang/heap_4.o
 .bss.xNumberOfSuccessfulAllocations
                0x20001cf4        0x4 ./Middlewares/Third_Party/FreeRTOS/Source/portable/MemMang/heap_4.o
 .bss.xNumberOfSuccessfulFrees
                0x20001cf8        0x4 ./Middlewares/Third_Party/FreeRTOS/Source/portable/MemMang/heap_4.o
 *(COMMON)
                0x20001cfc                        . = ALIGN (0x4)
                0x20001cfc                        _ebss = .
                0x20001cfc                        __bss_end__ = _ebss

._user_heap_stack
                0x20001cfc      0x604 load address 0x080066c0
                0x20001d00                        . = ALIGN (0x8)
 *fill*         0x20001cfc        0x4 
                [!provide]                        PROVIDE (end = .)
                0x20001d00                        PROVIDE (_end = .)
                0x20001f00                        . = (. + _Min_Heap_Size)
 *fill*         0x20001d00      0x200 
                0x20002300                        . = (. + _Min_Stack_Size)
 *fill*         0x20001f00      0x400 
                0x20002300                        . = ALIGN (0x8)

/DISCARD/
 libc.a(*)
 libm.a(*)
 libgcc.a(*)

.ARM.attributes
                0x00000000       0x28
 *(.ARM.attributes)
 .ARM.attributes
                0x00000000       0x1e C:/ST/STM32CubeIDE_1.17.0/STM32CubeIDE/plugins/com.st.stm32cube.ide.mcu.externaltools.gnu-tools-for-stm32.13.3.rel1.win32_1.0.0.202411081344/tools/bin/../lib/gcc/arm-none-eabi/13.3.1/thumb/v6-m/nofp/crti.o
 .ARM.attributes
                0x0000001e       0x2c C:/ST/STM32CubeIDE_1.17.0/STM32CubeIDE/plugins/com.st.stm32cube.ide.mcu.externaltools.gnu-tools-for-stm32.13.3.rel1.win32_1.0.0.202411081344/tools/bin/../lib/gcc/arm-none-eabi/13.3.1/thumb/v6-m/nofp/crtbegin.o
 .ARM.attributes
                0x0000004a       0x2c ./Core/Src/app_freertos.o
 .ARM.attributes
                0x00000076       0x2c ./Core/Src/main.o
 .ARM.attributes
                0x000000a2       0x2c ./Core/Src/stm32c0xx_hal_msp.o
 .ARM.attributes
                0x000000ce       0x2c ./Core/Src/stm32c0xx_hal_timebase_tim.o
 .ARM.attributes
                0x000000fa       0x2c ./Core/Src/stm32c0xx_it.o
 .ARM.attributes
                0x00000126       0x2c ./Core/Src/system_stm32c0xx.o
 .ARM.attributes
                0x00000152       0x22 ./Core/Startup/startup_stm32c031c6tx.o
 .ARM.attributes
                0x00000174       0x2c ./Drivers/BSP/STM32C0xx_Nucleo/stm32c0xx_nucleo.o
 .ARM.attributes
                0x000001a0       0x2c ./Drivers/STM32C0xx_HAL_Driver/Src/stm32c0xx_hal.o
 .ARM.attributes
                0x000001cc       0x2c ./Drivers/STM32C0xx_HAL_Driver/Src/stm32c0xx_hal_adc.o
 .ARM.attributes
                0x000001f8       0x2c ./Drivers/STM32C0xx_HAL_Driver/Src/stm32c0xx_hal_cortex.o
 .ARM.attributes
                0x00000224       0x2c ./Drivers/STM32C0xx_HAL_Driver/Src/stm32c0xx_hal_exti.o
 .ARM.attributes
                0x00000250       0x2c ./Drivers/STM32C0xx_HAL_Driver/Src/stm32c0xx_hal_gpio.o
 .ARM.attributes
                0x0000027c       0x2c ./Drivers/STM32C0xx_HAL_Driver/Src/stm32c0xx_hal_rcc.o
 .ARM.attributes
                0x000002a8       0x2c ./Drivers/STM32C0xx_HAL_Driver/Src/stm32c0xx_hal_rcc_ex.o
 .ARM.attributes
                0x000002d4       0x2c ./Drivers/STM32C0xx_HAL_Driver/Src/stm32c0xx_hal_tim.o
 .ARM.attributes
                0x00000300       0x2c ./Drivers/STM32C0xx_HAL_Driver/Src/stm32c0xx_hal_tim_ex.o
 .ARM.attributes
                0x0000032c       0x2c ./Drivers/STM32C0xx_HAL_Driver/Src/stm32c0xx_hal_uart.o
 .ARM.attributes
                0x00000358       0x2c ./Middlewares/Third_Party/FreeRTOS/Source/CMSIS_RTOS_V2/cmsis_os2.o
 .ARM.attributes
                0x00000384       0x2c ./Middlewares/Third_Party/FreeRTOS/Source/list.o
 .ARM.attributes
                0x000003b0       0x2c ./Middlewares/Third_Party/FreeRTOS/Source/queue.o
 .ARM.attributes
                0x000003dc       0x2c ./Middlewares/Third_Party/FreeRTOS/Source/tasks.o
 .ARM.attributes
                0x00000408       0x2c ./Middlewares/Third_Party/FreeRTOS/Source/timers.o
 .ARM.attributes
                0x00000434       0x2c ./Middlewares/Third_Party/FreeRTOS/Source/portable/GCC/ARM_CM0/port.o
 .ARM.attributes
                0x00000460       0x2c ./Middlewares/Third_Party/FreeRTOS/Source/portable/MemMang/heap_4.o
 .ARM.attributes
                0x0000048c       0x2c C:/ST/STM32CubeIDE_1.17.0/STM32CubeIDE/plugins/com.st.stm32cube.ide.mcu.externaltools.gnu-tools-for-stm32.13.3.rel1.win32_1.0.0.202411081344/tools/bin/../lib/gcc/arm-none-eabi/13.3.1/../../../../arm-none-eabi/lib/thumb/v6-m/nofp\libc_nano.a(libc_a-memset.o)
 .ARM.attributes
                0x000004b8       0x2c C:/ST/STM32CubeIDE_1.17.0/STM32CubeIDE/plugins/com.st.stm32cube.ide.mcu.externaltools.gnu-tools-for-stm32.13.3.rel1.win32_1.0.0.202411081344/tools/bin/../lib/gcc/arm-none-eabi/13.3.1/../../../../arm-none-eabi/lib/thumb/v6-m/nofp\libc_nano.a(libc_a-init.o)
 .ARM.attributes
                0x000004e4       0x2c C:/ST/STM32CubeIDE_1.17.0/STM32CubeIDE/plugins/com.st.stm32cube.ide.mcu.externaltools.gnu-tools-for-stm32.13.3.rel1.win32_1.0.0.202411081344/tools/bin/../lib/gcc/arm-none-eabi/13.3.1/../../../../arm-none-eabi/lib/thumb/v6-m/nofp\libc_nano.a(libc_a-memcpy-stub.o)
 .ARM.attributes
                0x00000510       0x1e C:/ST/STM32CubeIDE_1.17.0/STM32CubeIDE/plugins/com.st.stm32cube.ide.mcu.externaltools.gnu-tools-for-stm32.13.3.rel1.win32_1.0.0.202411081344/tools/bin/../lib/gcc/arm-none-eabi/13.3.1/thumb/v6-m/nofp\libgcc.a(_udivsi3.o)
 .ARM.attributes
                0x0000052e       0x1e C:/ST/STM32CubeIDE_1.17.0/STM32CubeIDE/plugins/com.st.stm32cube.ide.mcu.externaltools.gnu-tools-for-stm32.13.3.rel1.win32_1.0.0.202411081344/tools/bin/../lib/gcc/arm-none-eabi/13.3.1/thumb/v6-m/nofp\libgcc.a(_dvmd_tls.o)
 .ARM.attributes
                0x0000054c       0x1e C:/ST/STM32CubeIDE_1.17.0/STM32CubeIDE/plugins/com.st.stm32cube.ide.mcu.externaltools.gnu-tools-for-stm32.13.3.rel1.win32_1.0.0.202411081344/tools/bin/../lib/gcc/arm-none-eabi/13.3.1/thumb/v6-m/nofp/crtn.o
OUTPUT(SoilSensor.elf elf32-littlearm)
LOAD linker stubs
LOAD C:/ST/STM32CubeIDE_1.17.0/STM32CubeIDE/plugins/com.st.stm32cube.ide.mcu.externaltools.gnu-tools-for-stm32.13.3.rel1.win32_1.0.0.202411081344/tools/bin/../lib/gcc/arm-none-eabi/13.3.1/../../../../arm-none-eabi/lib/thumb/v6-m/nofp\libc.a
LOAD C:/ST/STM32CubeIDE_1.17.0/STM32CubeIDE/plugins/com.st.stm32cube.ide.mcu.externaltools.gnu-tools-for-stm32.13.3.rel1.win32_1.0.0.202411081344/tools/bin/../lib/gcc/arm-none-eabi/13.3.1/../../../../arm-none-eabi/lib/thumb/v6-m/nofp\libm.a
LOAD C:/ST/STM32CubeIDE_1.17.0/STM32CubeIDE/plugins/com.st.stm32cube.ide.mcu.externaltools.gnu-tools-for-stm32.13.3.rel1.win32_1.0.0.202411081344/tools/bin/../lib/gcc/arm-none-eabi/13.3.1/thumb/v6-m/nofp\libgcc.a

.debug_info     0x00000000    0x1a94d
 .debug_info    0x00000000      0xbd7 ./Core/Src/app_freertos.o
 .debug_info    0x00000bd7     0x1470 ./Core/Src/main.o
 .debug_info    0x00002047      0xbdf ./Core/Src/stm32c0xx_hal_msp.o
 .debug_info    0x00002c26      0xaee ./Core/Src/stm32c0xx_hal_timebase_tim.o
 .debug_info    0x00003714      0x7aa ./Core/Src/stm32c0xx_it.o
 .debug_info    0x00003ebe      0x373 ./Core/Src/system_stm32c0xx.o
 .debug_info    0x00004231       0x30 ./Core/Startup/startup_stm32c031c6tx.o
 .debug_info    0x00004261     0x1523 ./Drivers/BSP/STM32C0xx_Nucleo/stm32c0xx_nucleo.o
 .debug_info    0x00005784      0x832 ./Drivers/STM32C0xx_HAL_Driver/Src/stm32c0xx_hal.o
 .debug_info    0x00005fb6     0x1565 ./Drivers/STM32C0xx_HAL_Driver/Src/stm32c0xx_hal_adc.o
 .debug_info    0x0000751b      0x87b ./Drivers/STM32C0xx_HAL_Driver/Src/stm32c0xx_hal_cortex.o
 .debug_info    0x00007d96      0x63f ./Drivers/STM32C0xx_HAL_Driver/Src/stm32c0xx_hal_exti.o
 .debug_info    0x000083d5      0x5b7 ./Drivers/STM32C0xx_HAL_Driver/Src/stm32c0xx_hal_gpio.o
 .debug_info    0x0000898c      0x903 ./Drivers/STM32C0xx_HAL_Driver/Src/stm32c0xx_hal_rcc.o
 .debug_info    0x0000928f      0x551 ./Drivers/STM32C0xx_HAL_Driver/Src/stm32c0xx_hal_rcc_ex.o
 .debug_info    0x000097e0     0x2b65 ./Drivers/STM32C0xx_HAL_Driver/Src/stm32c0xx_hal_tim.o
 .debug_info    0x0000c345     0x1878 ./Drivers/STM32C0xx_HAL_Driver/Src/stm32c0xx_hal_tim_ex.o
 .debug_info    0x0000dbbd     0x4828 ./Drivers/STM32C0xx_HAL_Driver/Src/stm32c0xx_hal_uart.o
 .debug_info    0x000123e5     0x3164 ./Middlewares/Third_Party/FreeRTOS/Source/CMSIS_RTOS_V2/cmsis_os2.o
 .debug_info    0x00015549      0x2af ./Middlewares/Third_Party/FreeRTOS/Source/list.o
 .debug_info    0x000157f8     0x169b ./Middlewares/Third_Party/FreeRTOS/Source/queue.o
 .debug_info    0x00016e93     0x2085 ./Middlewares/Third_Party/FreeRTOS/Source/tasks.o
 .debug_info    0x00018f18     0x130b ./Middlewares/Third_Party/FreeRTOS/Source/timers.o
 .debug_info    0x0001a223      0x290 ./Middlewares/Third_Party/FreeRTOS/Source/portable/GCC/ARM_CM0/port.o
 .debug_info    0x0001a4b3      0x49a ./Middlewares/Third_Party/FreeRTOS/Source/portable/MemMang/heap_4.o

.debug_abbrev   0x00000000     0x39ae
 .debug_abbrev  0x00000000      0x1d9 ./Core/Src/app_freertos.o
 .debug_abbrev  0x000001d9      0x2d7 ./Core/Src/main.o
 .debug_abbrev  0x000004b0      0x1ee ./Core/Src/stm32c0xx_hal_msp.o
 .debug_abbrev  0x0000069e      0x21d ./Core/Src/stm32c0xx_hal_timebase_tim.o
 .debug_abbrev  0x000008bb      0x191 ./Core/Src/stm32c0xx_it.o
 .debug_abbrev  0x00000a4c      0x119 ./Core/Src/system_stm32c0xx.o
 .debug_abbrev  0x00000b65       0x24 ./Core/Startup/startup_stm32c031c6tx.o
 .debug_abbrev  0x00000b89      0x326 ./Drivers/BSP/STM32C0xx_Nucleo/stm32c0xx_nucleo.o
 .debug_abbrev  0x00000eaf      0x2cb ./Drivers/STM32C0xx_HAL_Driver/Src/stm32c0xx_hal.o
 .debug_abbrev  0x0000117a      0x256 ./Drivers/STM32C0xx_HAL_Driver/Src/stm32c0xx_hal_adc.o
 .debug_abbrev  0x000013d0      0x2b7 ./Drivers/STM32C0xx_HAL_Driver/Src/stm32c0xx_hal_cortex.o
 .debug_abbrev  0x00001687      0x165 ./Drivers/STM32C0xx_HAL_Driver/Src/stm32c0xx_hal_exti.o
 .debug_abbrev  0x000017ec      0x1d6 ./Drivers/STM32C0xx_HAL_Driver/Src/stm32c0xx_hal_gpio.o
 .debug_abbrev  0x000019c2      0x28b ./Drivers/STM32C0xx_HAL_Driver/Src/stm32c0xx_hal_rcc.o
 .debug_abbrev  0x00001c4d      0x225 ./Drivers/STM32C0xx_HAL_Driver/Src/stm32c0xx_hal_rcc_ex.o
 .debug_abbrev  0x00001e72      0x28a ./Drivers/STM32C0xx_HAL_Driver/Src/stm32c0xx_hal_tim.o
 .debug_abbrev  0x000020fc      0x2aa ./Drivers/STM32C0xx_HAL_Driver/Src/stm32c0xx_hal_tim_ex.o
 .debug_abbrev  0x000023a6      0x314 ./Drivers/STM32C0xx_HAL_Driver/Src/stm32c0xx_hal_uart.o
 .debug_abbrev  0x000026ba      0x4c1 ./Middlewares/Third_Party/FreeRTOS/Source/CMSIS_RTOS_V2/cmsis_os2.o
 .debug_abbrev  0x00002b7b       0xf5 ./Middlewares/Third_Party/FreeRTOS/Source/list.o
 .debug_abbrev  0x00002c70      0x328 ./Middlewares/Third_Party/FreeRTOS/Source/queue.o
 .debug_abbrev  0x00002f98      0x329 ./Middlewares/Third_Party/FreeRTOS/Source/tasks.o
 .debug_abbrev  0x000032c1      0x312 ./Middlewares/Third_Party/FreeRTOS/Source/timers.o
 .debug_abbrev  0x000035d3      0x1e8 ./Middlewares/Third_Party/FreeRTOS/Source/portable/GCC/ARM_CM0/port.o
 .debug_abbrev  0x000037bb      0x1f3 ./Middlewares/Third_Party/FreeRTOS/Source/portable/MemMang/heap_4.o

.debug_aranges  0x00000000     0x17e0
 .debug_aranges
                0x00000000       0x30 ./Core/Src/app_freertos.o
 .debug_aranges
                0x00000030       0x48 ./Core/Src/main.o
 .debug_aranges
                0x00000078       0x30 ./Core/Src/stm32c0xx_hal_msp.o
 .debug_aranges
                0x000000a8       0x30 ./Core/Src/stm32c0xx_hal_timebase_tim.o
 .debug_aranges
                0x000000d8       0x38 ./Core/Src/stm32c0xx_it.o
 .debug_aranges
                0x00000110       0x28 ./Core/Src/system_stm32c0xx.o
 .debug_aranges
                0x00000138       0x28 ./Core/Startup/startup_stm32c031c6tx.o
 .debug_aranges
                0x00000160       0xc8 ./Drivers/BSP/STM32C0xx_Nucleo/stm32c0xx_nucleo.o
 .debug_aranges
                0x00000228      0x100 ./Drivers/STM32C0xx_HAL_Driver/Src/stm32c0xx_hal.o
 .debug_aranges
                0x00000328      0x200 ./Drivers/STM32C0xx_HAL_Driver/Src/stm32c0xx_hal_adc.o
 .debug_aranges
                0x00000528       0xe8 ./Drivers/STM32C0xx_HAL_Driver/Src/stm32c0xx_hal_cortex.o
 .debug_aranges
                0x00000610       0x60 ./Drivers/STM32C0xx_HAL_Driver/Src/stm32c0xx_hal_exti.o
 .debug_aranges
                0x00000670       0x68 ./Drivers/STM32C0xx_HAL_Driver/Src/stm32c0xx_hal_gpio.o
 .debug_aranges
                0x000006d8       0xa0 ./Drivers/STM32C0xx_HAL_Driver/Src/stm32c0xx_hal_rcc.o
 .debug_aranges
                0x00000778       0x40 ./Drivers/STM32C0xx_HAL_Driver/Src/stm32c0xx_hal_rcc_ex.o
 .debug_aranges
                0x000007b8      0x3e0 ./Drivers/STM32C0xx_HAL_Driver/Src/stm32c0xx_hal_tim.o
 .debug_aranges
                0x00000b98      0x198 ./Drivers/STM32C0xx_HAL_Driver/Src/stm32c0xx_hal_tim_ex.o
 .debug_aranges
                0x00000d30      0x248 ./Drivers/STM32C0xx_HAL_Driver/Src/stm32c0xx_hal_uart.o
 .debug_aranges
                0x00000f78      0x2b8 ./Middlewares/Third_Party/FreeRTOS/Source/CMSIS_RTOS_V2/cmsis_os2.o
 .debug_aranges
                0x00001230       0x40 ./Middlewares/Third_Party/FreeRTOS/Source/list.o
 .debug_aranges
                0x00001270      0x170 ./Middlewares/Third_Party/FreeRTOS/Source/queue.o
 .debug_aranges
                0x000013e0      0x210 ./Middlewares/Third_Party/FreeRTOS/Source/tasks.o
 .debug_aranges
                0x000015f0      0x108 ./Middlewares/Third_Party/FreeRTOS/Source/timers.o
 .debug_aranges
                0x000016f8       0x88 ./Middlewares/Third_Party/FreeRTOS/Source/portable/GCC/ARM_CM0/port.o
 .debug_aranges
                0x00001780       0x60 ./Middlewares/Third_Party/FreeRTOS/Source/portable/MemMang/heap_4.o

.debug_rnglists
                0x00000000     0x1295
 .debug_rnglists
                0x00000000       0x20 ./Core/Src/app_freertos.o
 .debug_rnglists
                0x00000020       0x34 ./Core/Src/main.o
 .debug_rnglists
                0x00000054       0x20 ./Core/Src/stm32c0xx_hal_msp.o
 .debug_rnglists
                0x00000074       0x20 ./Core/Src/stm32c0xx_hal_timebase_tim.o
 .debug_rnglists
                0x00000094       0x25 ./Core/Src/stm32c0xx_it.o
 .debug_rnglists
                0x000000b9       0x1a ./Core/Src/system_stm32c0xx.o
 .debug_rnglists
                0x000000d3       0x19 ./Core/Startup/startup_stm32c031c6tx.o
 .debug_rnglists
                0x000000ec       0x95 ./Drivers/BSP/STM32C0xx_Nucleo/stm32c0xx_nucleo.o
 .debug_rnglists
                0x00000181       0xbc ./Drivers/STM32C0xx_HAL_Driver/Src/stm32c0xx_hal.o
 .debug_rnglists
                0x0000023d      0x18a ./Drivers/STM32C0xx_HAL_Driver/Src/stm32c0xx_hal_adc.o
 .debug_rnglists
                0x000003c7       0xaa ./Drivers/STM32C0xx_HAL_Driver/Src/stm32c0xx_hal_cortex.o
 .debug_rnglists
                0x00000471       0x47 ./Drivers/STM32C0xx_HAL_Driver/Src/stm32c0xx_hal_exti.o
 .debug_rnglists
                0x000004b8       0x4b ./Drivers/STM32C0xx_HAL_Driver/Src/stm32c0xx_hal_gpio.o
 .debug_rnglists
                0x00000503       0x78 ./Drivers/STM32C0xx_HAL_Driver/Src/stm32c0xx_hal_rcc.o
 .debug_rnglists
                0x0000057b       0x2d ./Drivers/STM32C0xx_HAL_Driver/Src/stm32c0xx_hal_rcc_ex.o
 .debug_rnglists
                0x000005a8      0x32a ./Drivers/STM32C0xx_HAL_Driver/Src/stm32c0xx_hal_tim.o
 .debug_rnglists
                0x000008d2      0x14e ./Drivers/STM32C0xx_HAL_Driver/Src/stm32c0xx_hal_tim_ex.o
 .debug_rnglists
                0x00000a20      0x1fb ./Drivers/STM32C0xx_HAL_Driver/Src/stm32c0xx_hal_uart.o
 .debug_rnglists
                0x00000c1b      0x219 ./Middlewares/Third_Party/FreeRTOS/Source/CMSIS_RTOS_V2/cmsis_os2.o
 .debug_rnglists
                0x00000e34       0x2b ./Middlewares/Third_Party/FreeRTOS/Source/list.o
 .debug_rnglists
                0x00000e5f      0x11d ./Middlewares/Third_Party/FreeRTOS/Source/queue.o
 .debug_rnglists
                0x00000f7c      0x1a9 ./Middlewares/Third_Party/FreeRTOS/Source/tasks.o
 .debug_rnglists
                0x00001125       0xc7 ./Middlewares/Third_Party/FreeRTOS/Source/timers.o
 .debug_rnglists
                0x000011ec       0x61 ./Middlewares/Third_Party/FreeRTOS/Source/portable/GCC/ARM_CM0/port.o
 .debug_rnglists
                0x0000124d       0x48 ./Middlewares/Third_Party/FreeRTOS/Source/portable/MemMang/heap_4.o

.debug_macro    0x00000000    0x17c50
 .debug_macro   0x00000000      0x398 ./Core/Src/app_freertos.o
 .debug_macro   0x00000398      0xab4 ./Core/Src/app_freertos.o
 .debug_macro   0x00000e4c       0x2e ./Core/Src/app_freertos.o
 .debug_macro   0x00000e7a       0x28 ./Core/Src/app_freertos.o
 .debug_macro   0x00000ea2       0x22 ./Core/Src/app_freertos.o
 .debug_macro   0x00000ec4       0x8e ./Core/Src/app_freertos.o
 .debug_macro   0x00000f52       0x51 ./Core/Src/app_freertos.o
 .debug_macro   0x00000fa3      0x103 ./Core/Src/app_freertos.o
 .debug_macro   0x000010a6       0x6a ./Core/Src/app_freertos.o
 .debug_macro   0x00001110      0x1df ./Core/Src/app_freertos.o
 .debug_macro   0x000012ef       0x1c ./Core/Src/app_freertos.o
 .debug_macro   0x0000130b       0x22 ./Core/Src/app_freertos.o
 .debug_macro   0x0000132d       0xd1 ./Core/Src/app_freertos.o
 .debug_macro   0x000013fe      0x4da ./Core/Src/app_freertos.o
 .debug_macro   0x000018d8      0x11f ./Core/Src/app_freertos.o
 .debug_macro   0x000019f7     0x93cf ./Core/Src/app_freertos.o
 .debug_macro   0x0000adc6       0x6d ./Core/Src/app_freertos.o
 .debug_macro   0x0000ae33      0x175 ./Core/Src/app_freertos.o
 .debug_macro   0x0000afa8       0xef ./Core/Src/app_freertos.o
 .debug_macro   0x0000b097     0x3440 ./Core/Src/app_freertos.o
 .debug_macro   0x0000e4d7      0x190 ./Core/Src/app_freertos.o
 .debug_macro   0x0000e667       0x5b ./Core/Src/app_freertos.o
 .debug_macro   0x0000e6c2      0x366 ./Core/Src/app_freertos.o
 .debug_macro   0x0000ea28      0xb47 ./Core/Src/app_freertos.o
 .debug_macro   0x0000f56f      0x145 ./Core/Src/app_freertos.o
 .debug_macro   0x0000f6b4      0x15f ./Core/Src/app_freertos.o
 .debug_macro   0x0000f813      0x19d ./Core/Src/app_freertos.o
 .debug_macro   0x0000f9b0      0x264 ./Core/Src/app_freertos.o
 .debug_macro   0x0000fc14      0x17e ./Core/Src/app_freertos.o
 .debug_macro   0x0000fd92       0x43 ./Core/Src/app_freertos.o
 .debug_macro   0x0000fdd5      0x1f1 ./Core/Src/app_freertos.o
 .debug_macro   0x0000ffc6      0x91d ./Core/Src/app_freertos.o
 .debug_macro   0x000108e3      0x5d7 ./Core/Src/app_freertos.o
 .debug_macro   0x00010eba       0x2e ./Core/Src/app_freertos.o
 .debug_macro   0x00010ee8      0x1b1 ./Core/Src/app_freertos.o
 .debug_macro   0x00011099      0x37c ./Core/Src/app_freertos.o
 .debug_macro   0x00011415       0x28 ./Core/Src/app_freertos.o
 .debug_macro   0x0001143d       0xb3 ./Core/Src/app_freertos.o
 .debug_macro   0x000114f0      0x104 ./Core/Src/app_freertos.o
 .debug_macro   0x000115f4       0xf6 ./Core/Src/app_freertos.o
 .debug_macro   0x000116ea      0xaa6 ./Core/Src/app_freertos.o
 .debug_macro   0x00012190       0xd9 ./Core/Src/app_freertos.o
 .debug_macro   0x00012269      0x67e ./Core/Src/app_freertos.o
 .debug_macro   0x000128e7       0xa6 ./Core/Src/app_freertos.o
 .debug_macro   0x0001298d      0x3a9 ./Core/Src/app_freertos.o
 .debug_macro   0x00012d36       0x22 ./Core/Src/app_freertos.o
 .debug_macro   0x00012d58       0x52 ./Core/Src/app_freertos.o
 .debug_macro   0x00012daa       0x61 ./Core/Src/app_freertos.o
 .debug_macro   0x00012e0b       0x24 ./Core/Src/app_freertos.o
 .debug_macro   0x00012e2f       0x43 ./Core/Src/app_freertos.o
 .debug_macro   0x00012e72       0x34 ./Core/Src/app_freertos.o
 .debug_macro   0x00012ea6       0x16 ./Core/Src/app_freertos.o
 .debug_macro   0x00012ebc       0x3c ./Core/Src/app_freertos.o
 .debug_macro   0x00012ef8      0x370 ./Core/Src/app_freertos.o
 .debug_macro   0x00013268       0x10 ./Core/Src/app_freertos.o
 .debug_macro   0x00013278       0x16 ./Core/Src/app_freertos.o
 .debug_macro   0x0001328e       0x4a ./Core/Src/app_freertos.o
 .debug_macro   0x000132d8       0x34 ./Core/Src/app_freertos.o
 .debug_macro   0x0001330c       0x10 ./Core/Src/app_freertos.o
 .debug_macro   0x0001331c       0x58 ./Core/Src/app_freertos.o
 .debug_macro   0x00013374       0x8e ./Core/Src/app_freertos.o
 .debug_macro   0x00013402       0x1c ./Core/Src/app_freertos.o
 .debug_macro   0x0001341e      0x185 ./Core/Src/app_freertos.o
 .debug_macro   0x000135a3       0x16 ./Core/Src/app_freertos.o
 .debug_macro   0x000135b9       0x16 ./Core/Src/app_freertos.o
 .debug_macro   0x000135cf      0x146 ./Core/Src/app_freertos.o
 .debug_macro   0x00013715      0x10e ./Core/Src/app_freertos.o
 .debug_macro   0x00013823       0x4c ./Core/Src/app_freertos.o
 .debug_macro   0x0001386f       0x16 ./Core/Src/app_freertos.o
 .debug_macro   0x00013885      0x16a ./Core/Src/app_freertos.o
 .debug_macro   0x000139ef       0x16 ./Core/Src/app_freertos.o
 .debug_macro   0x00013a05      0x179 ./Core/Src/app_freertos.o
 .debug_macro   0x00013b7e       0xc6 ./Core/Src/app_freertos.o
 .debug_macro   0x00013c44       0x22 ./Core/Src/app_freertos.o
 .debug_macro   0x00013c66       0x1f ./Core/Src/app_freertos.o
 .debug_macro   0x00013c85       0x12 ./Core/Src/app_freertos.o
 .debug_macro   0x00013c97      0x4df ./Core/Src/app_freertos.o
 .debug_macro   0x00014176       0xc3 ./Core/Src/app_freertos.o
 .debug_macro   0x00014239      0x12c ./Core/Src/app_freertos.o
 .debug_macro   0x00014365       0x74 ./Core/Src/app_freertos.o
 .debug_macro   0x000143d9      0x313 ./Core/Src/main.o
 .debug_macro   0x000146ec      0x300 ./Core/Src/stm32c0xx_hal_msp.o
 .debug_macro   0x000149ec      0x1f8 ./Core/Src/stm32c0xx_hal_timebase_tim.o
 .debug_macro   0x00014be4      0x30a ./Core/Src/stm32c0xx_it.o
 .debug_macro   0x00014eee      0x1fe ./Core/Src/system_stm32c0xx.o
 .debug_macro   0x000150ec      0x2fd ./Drivers/BSP/STM32C0xx_Nucleo/stm32c0xx_nucleo.o
 .debug_macro   0x000153e9       0x1c ./Drivers/BSP/STM32C0xx_Nucleo/stm32c0xx_nucleo.o
 .debug_macro   0x00015405      0x216 ./Drivers/STM32C0xx_HAL_Driver/Src/stm32c0xx_hal.o
 .debug_macro   0x0001561b      0x21c ./Drivers/STM32C0xx_HAL_Driver/Src/stm32c0xx_hal_adc.o
 .debug_macro   0x00015837      0x1f8 ./Drivers/STM32C0xx_HAL_Driver/Src/stm32c0xx_hal_cortex.o
 .debug_macro   0x00015a2f      0x204 ./Drivers/STM32C0xx_HAL_Driver/Src/stm32c0xx_hal_exti.o
 .debug_macro   0x00015c33      0x22d ./Drivers/STM32C0xx_HAL_Driver/Src/stm32c0xx_hal_gpio.o
 .debug_macro   0x00015e60      0x228 ./Drivers/STM32C0xx_HAL_Driver/Src/stm32c0xx_hal_rcc.o
 .debug_macro   0x00016088      0x20a ./Drivers/STM32C0xx_HAL_Driver/Src/stm32c0xx_hal_rcc_ex.o
 .debug_macro   0x00016292      0x200 ./Drivers/STM32C0xx_HAL_Driver/Src/stm32c0xx_hal_tim.o
 .debug_macro   0x00016492      0x1fe ./Drivers/STM32C0xx_HAL_Driver/Src/stm32c0xx_hal_tim_ex.o
 .debug_macro   0x00016690      0x215 ./Drivers/STM32C0xx_HAL_Driver/Src/stm32c0xx_hal_uart.o
 .debug_macro   0x000168a5      0x3ee ./Middlewares/Third_Party/FreeRTOS/Source/CMSIS_RTOS_V2/cmsis_os2.o
 .debug_macro   0x00016c93       0x10 ./Middlewares/Third_Party/FreeRTOS/Source/CMSIS_RTOS_V2/cmsis_os2.o
 .debug_macro   0x00016ca3       0x20 ./Middlewares/Third_Party/FreeRTOS/Source/CMSIS_RTOS_V2/cmsis_os2.o
 .debug_macro   0x00016cc3       0x91 ./Middlewares/Third_Party/FreeRTOS/Source/CMSIS_RTOS_V2/cmsis_os2.o
 .debug_macro   0x00016d54       0x23 ./Middlewares/Third_Party/FreeRTOS/Source/CMSIS_RTOS_V2/cmsis_os2.o
 .debug_macro   0x00016d77       0x94 ./Middlewares/Third_Party/FreeRTOS/Source/CMSIS_RTOS_V2/cmsis_os2.o
 .debug_macro   0x00016e0b       0xa8 ./Middlewares/Third_Party/FreeRTOS/Source/CMSIS_RTOS_V2/cmsis_os2.o
 .debug_macro   0x00016eb3       0x22 ./Middlewares/Third_Party/FreeRTOS/Source/CMSIS_RTOS_V2/cmsis_os2.o
 .debug_macro   0x00016ed5       0x55 ./Middlewares/Third_Party/FreeRTOS/Source/CMSIS_RTOS_V2/cmsis_os2.o
 .debug_macro   0x00016f2a      0x1a2 ./Middlewares/Third_Party/FreeRTOS/Source/list.o
 .debug_macro   0x000170cc      0x239 ./Middlewares/Third_Party/FreeRTOS/Source/queue.o
 .debug_macro   0x00017305       0x16 ./Middlewares/Third_Party/FreeRTOS/Source/queue.o
 .debug_macro   0x0001731b       0x8e ./Middlewares/Third_Party/FreeRTOS/Source/queue.o
 .debug_macro   0x000173a9      0x28e ./Middlewares/Third_Party/FreeRTOS/Source/tasks.o
 .debug_macro   0x00017637       0x17 ./Middlewares/Third_Party/FreeRTOS/Source/tasks.o
 .debug_macro   0x0001764e      0x1f1 ./Middlewares/Third_Party/FreeRTOS/Source/timers.o
 .debug_macro   0x0001783f       0x97 ./Middlewares/Third_Party/FreeRTOS/Source/timers.o
 .debug_macro   0x000178d6      0x15d ./Middlewares/Third_Party/FreeRTOS/Source/portable/GCC/ARM_CM0/port.o
 .debug_macro   0x00017a33      0x21d ./Middlewares/Third_Party/FreeRTOS/Source/portable/MemMang/heap_4.o

.debug_line     0x00000000    0x1b1fd
 .debug_line    0x00000000      0xb45 ./Core/Src/app_freertos.o
 .debug_line    0x00000b45      0xb16 ./Core/Src/main.o
 .debug_line    0x0000165b      0x9d8 ./Core/Src/stm32c0xx_hal_msp.o
 .debug_line    0x00002033      0x822 ./Core/Src/stm32c0xx_hal_timebase_tim.o
 .debug_line    0x00002855      0x9c7 ./Core/Src/stm32c0xx_it.o
 .debug_line    0x0000321c      0x811 ./Core/Src/system_stm32c0xx.o
 .debug_line    0x00003a2d       0x7d ./Core/Startup/startup_stm32c031c6tx.o
 .debug_line    0x00003aaa      0xd1e ./Drivers/BSP/STM32C0xx_Nucleo/stm32c0xx_nucleo.o
 .debug_line    0x000047c8      0xaf1 ./Drivers/STM32C0xx_HAL_Driver/Src/stm32c0xx_hal.o
 .debug_line    0x000052b9     0x1a32 ./Drivers/STM32C0xx_HAL_Driver/Src/stm32c0xx_hal_adc.o
 .debug_line    0x00006ceb      0xc0c ./Drivers/STM32C0xx_HAL_Driver/Src/stm32c0xx_hal_cortex.o
 .debug_line    0x000078f7      0xb7c ./Drivers/STM32C0xx_HAL_Driver/Src/stm32c0xx_hal_exti.o
 .debug_line    0x00008473      0xc09 ./Drivers/STM32C0xx_HAL_Driver/Src/stm32c0xx_hal_gpio.o
 .debug_line    0x0000907c      0xe14 ./Drivers/STM32C0xx_HAL_Driver/Src/stm32c0xx_hal_rcc.o
 .debug_line    0x00009e90      0xa73 ./Drivers/STM32C0xx_HAL_Driver/Src/stm32c0xx_hal_rcc_ex.o
 .debug_line    0x0000a903     0x3c19 ./Drivers/STM32C0xx_HAL_Driver/Src/stm32c0xx_hal_tim.o
 .debug_line    0x0000e51c     0x1ba8 ./Drivers/STM32C0xx_HAL_Driver/Src/stm32c0xx_hal_tim_ex.o
 .debug_line    0x000100c4     0x368f ./Drivers/STM32C0xx_HAL_Driver/Src/stm32c0xx_hal_uart.o
 .debug_line    0x00013753     0x2380 ./Middlewares/Third_Party/FreeRTOS/Source/CMSIS_RTOS_V2/cmsis_os2.o
 .debug_line    0x00015ad3      0x791 ./Middlewares/Third_Party/FreeRTOS/Source/list.o
 .debug_line    0x00016264     0x15d3 ./Middlewares/Third_Party/FreeRTOS/Source/queue.o
 .debug_line    0x00017837     0x1bb1 ./Middlewares/Third_Party/FreeRTOS/Source/tasks.o
 .debug_line    0x000193e8      0xd32 ./Middlewares/Third_Party/FreeRTOS/Source/timers.o
 .debug_line    0x0001a11a      0x6ff ./Middlewares/Third_Party/FreeRTOS/Source/portable/GCC/ARM_CM0/port.o
 .debug_line    0x0001a819      0x9e4 ./Middlewares/Third_Party/FreeRTOS/Source/portable/MemMang/heap_4.o

.debug_str      0x00000000    0x95cc8
 .debug_str     0x00000000    0x95cc8 ./Core/Src/app_freertos.o
                              0x8ba3b (size before relaxing)
 .debug_str     0x00095cc8    0x86ddc ./Core/Src/main.o
 .debug_str     0x00095cc8    0x865ef ./Core/Src/stm32c0xx_hal_msp.o
 .debug_str     0x00095cc8    0x8257e ./Core/Src/stm32c0xx_hal_timebase_tim.o
 .debug_str     0x00095cc8    0x8635f ./Core/Src/stm32c0xx_it.o
 .debug_str     0x00095cc8    0x81d44 ./Core/Src/system_stm32c0xx.o
 .debug_str     0x00095cc8       0x82 ./Core/Startup/startup_stm32c031c6tx.o
 .debug_str     0x00095cc8    0x8697a ./Drivers/BSP/STM32C0xx_Nucleo/stm32c0xx_nucleo.o
 .debug_str     0x00095cc8    0x8233a ./Drivers/STM32C0xx_HAL_Driver/Src/stm32c0xx_hal.o
 .debug_str     0x00095cc8    0x82b0a ./Drivers/STM32C0xx_HAL_Driver/Src/stm32c0xx_hal_adc.o
 .debug_str     0x00095cc8    0x8215d ./Drivers/STM32C0xx_HAL_Driver/Src/stm32c0xx_hal_cortex.o
 .debug_str     0x00095cc8    0x81ec0 ./Drivers/STM32C0xx_HAL_Driver/Src/stm32c0xx_hal_exti.o
 .debug_str     0x00095cc8    0x81f3c ./Drivers/STM32C0xx_HAL_Driver/Src/stm32c0xx_hal_gpio.o
 .debug_str     0x00095cc8    0x8232f ./Drivers/STM32C0xx_HAL_Driver/Src/stm32c0xx_hal_rcc.o
 .debug_str     0x00095cc8    0x81fad ./Drivers/STM32C0xx_HAL_Driver/Src/stm32c0xx_hal_rcc_ex.o
 .debug_str     0x00095cc8    0x8326c ./Drivers/STM32C0xx_HAL_Driver/Src/stm32c0xx_hal_tim.o
 .debug_str     0x00095cc8    0x82bfa ./Drivers/STM32C0xx_HAL_Driver/Src/stm32c0xx_hal_tim_ex.o
 .debug_str     0x00095cc8    0x82c94 ./Drivers/STM32C0xx_HAL_Driver/Src/stm32c0xx_hal_uart.o
 .debug_str     0x00095cc8    0x8d9f9 ./Middlewares/Third_Party/FreeRTOS/Source/CMSIS_RTOS_V2/cmsis_os2.o
 .debug_str     0x00095cc8     0xb108 ./Middlewares/Third_Party/FreeRTOS/Source/list.o
 .debug_str     0x00095cc8     0xdb8c ./Middlewares/Third_Party/FreeRTOS/Source/queue.o
 .debug_str     0x00095cc8     0xe3a8 ./Middlewares/Third_Party/FreeRTOS/Source/tasks.o
 .debug_str     0x00095cc8     0xde54 ./Middlewares/Third_Party/FreeRTOS/Source/timers.o
 .debug_str     0x00095cc8     0x955e ./Middlewares/Third_Party/FreeRTOS/Source/portable/GCC/ARM_CM0/port.o
 .debug_str     0x00095cc8     0xc93e ./Middlewares/Third_Party/FreeRTOS/Source/portable/MemMang/heap_4.o

.comment        0x00000000       0x43
 .comment       0x00000000       0x43 ./Core/Src/app_freertos.o
                                 0x44 (size before relaxing)
 .comment       0x00000043       0x44 ./Core/Src/main.o
 .comment       0x00000043       0x44 ./Core/Src/stm32c0xx_hal_msp.o
 .comment       0x00000043       0x44 ./Core/Src/stm32c0xx_hal_timebase_tim.o
 .comment       0x00000043       0x44 ./Core/Src/stm32c0xx_it.o
 .comment       0x00000043       0x44 ./Core/Src/system_stm32c0xx.o
 .comment       0x00000043       0x44 ./Drivers/BSP/STM32C0xx_Nucleo/stm32c0xx_nucleo.o
 .comment       0x00000043       0x44 ./Drivers/STM32C0xx_HAL_Driver/Src/stm32c0xx_hal.o
 .comment       0x00000043       0x44 ./Drivers/STM32C0xx_HAL_Driver/Src/stm32c0xx_hal_adc.o
 .comment       0x00000043       0x44 ./Drivers/STM32C0xx_HAL_Driver/Src/stm32c0xx_hal_cortex.o
 .comment       0x00000043       0x44 ./Drivers/STM32C0xx_HAL_Driver/Src/stm32c0xx_hal_exti.o
 .comment       0x00000043       0x44 ./Drivers/STM32C0xx_HAL_Driver/Src/stm32c0xx_hal_gpio.o
 .comment       0x00000043       0x44 ./Drivers/STM32C0xx_HAL_Driver/Src/stm32c0xx_hal_rcc.o
 .comment       0x00000043       0x44 ./Drivers/STM32C0xx_HAL_Driver/Src/stm32c0xx_hal_rcc_ex.o
 .comment       0x00000043       0x44 ./Drivers/STM32C0xx_HAL_Driver/Src/stm32c0xx_hal_tim.o
 .comment       0x00000043       0x44 ./Drivers/STM32C0xx_HAL_Driver/Src/stm32c0xx_hal_tim_ex.o
 .comment       0x00000043       0x44 ./Drivers/STM32C0xx_HAL_Driver/Src/stm32c0xx_hal_uart.o
 .comment       0x00000043       0x44 ./Middlewares/Third_Party/FreeRTOS/Source/CMSIS_RTOS_V2/cmsis_os2.o
 .comment       0x00000043       0x44 ./Middlewares/Third_Party/FreeRTOS/Source/list.o
 .comment       0x00000043       0x44 ./Middlewares/Third_Party/FreeRTOS/Source/queue.o
 .comment       0x00000043       0x44 ./Middlewares/Third_Party/FreeRTOS/Source/tasks.o
 .comment       0x00000043       0x44 ./Middlewares/Third_Party/FreeRTOS/Source/timers.o
 .comment       0x00000043       0x44 ./Middlewares/Third_Party/FreeRTOS/Source/portable/GCC/ARM_CM0/port.o
 .comment       0x00000043       0x44 ./Middlewares/Third_Party/FreeRTOS/Source/portable/MemMang/heap_4.o

.debug_frame    0x00000000     0x56f8
 .debug_frame   0x00000000       0x70 ./Core/Src/app_freertos.o
 .debug_frame   0x00000070       0xc8 ./Core/Src/main.o
 .debug_frame   0x00000138       0x70 ./Core/Src/stm32c0xx_hal_msp.o
 .debug_frame   0x000001a8       0x68 ./Core/Src/stm32c0xx_hal_timebase_tim.o
 .debug_frame   0x00000210       0x80 ./Core/Src/stm32c0xx_it.o
 .debug_frame   0x00000290       0x4c ./Core/Src/system_stm32c0xx.o
 .debug_frame   0x000002dc      0x2c0 ./Drivers/BSP/STM32C0xx_Nucleo/stm32c0xx_nucleo.o
 .debug_frame   0x0000059c      0x368 ./Drivers/STM32C0xx_HAL_Driver/Src/stm32c0xx_hal.o
 .debug_frame   0x00000904      0x7d0 ./Drivers/STM32C0xx_HAL_Driver/Src/stm32c0xx_hal_adc.o
 .debug_frame   0x000010d4      0x33c ./Drivers/STM32C0xx_HAL_Driver/Src/stm32c0xx_hal_cortex.o
 .debug_frame   0x00001410      0x130 ./Drivers/STM32C0xx_HAL_Driver/Src/stm32c0xx_hal_exti.o
 .debug_frame   0x00001540      0x150 ./Drivers/STM32C0xx_HAL_Driver/Src/stm32c0xx_hal_gpio.o
 .debug_frame   0x00001690      0x214 ./Drivers/STM32C0xx_HAL_Driver/Src/stm32c0xx_hal_rcc.o
 .debug_frame   0x000018a4       0xac ./Drivers/STM32C0xx_HAL_Driver/Src/stm32c0xx_hal_rcc_ex.o
 .debug_frame   0x00001950      0xf40 ./Drivers/STM32C0xx_HAL_Driver/Src/stm32c0xx_hal_tim.o
 .debug_frame   0x00002890      0x620 ./Drivers/STM32C0xx_HAL_Driver/Src/stm32c0xx_hal_tim_ex.o
 .debug_frame   0x00002eb0      0x8d4 ./Drivers/STM32C0xx_HAL_Driver/Src/stm32c0xx_hal_uart.o
 .debug_frame   0x00003784      0xa7c ./Middlewares/Third_Party/FreeRTOS/Source/CMSIS_RTOS_V2/cmsis_os2.o
 .debug_frame   0x00004200       0xb0 ./Middlewares/Third_Party/FreeRTOS/Source/list.o
 .debug_frame   0x000042b0      0x578 ./Middlewares/Third_Party/FreeRTOS/Source/queue.o
 .debug_frame   0x00004828      0x7d8 ./Middlewares/Third_Party/FreeRTOS/Source/tasks.o
 .debug_frame   0x00005000      0x3cc ./Middlewares/Third_Party/FreeRTOS/Source/timers.o
 .debug_frame   0x000053cc      0x174 ./Middlewares/Third_Party/FreeRTOS/Source/portable/GCC/ARM_CM0/port.o
 .debug_frame   0x00005540      0x124 ./Middlewares/Third_Party/FreeRTOS/Source/portable/MemMang/heap_4.o
 .debug_frame   0x00005664       0x20 C:/ST/STM32CubeIDE_1.17.0/STM32CubeIDE/plugins/com.st.stm32cube.ide.mcu.externaltools.gnu-tools-for-stm32.13.3.rel1.win32_1.0.0.202411081344/tools/bin/../lib/gcc/arm-none-eabi/13.3.1/../../../../arm-none-eabi/lib/thumb/v6-m/nofp\libc_nano.a(libc_a-memset.o)
 .debug_frame   0x00005684       0x2c C:/ST/STM32CubeIDE_1.17.0/STM32CubeIDE/plugins/com.st.stm32cube.ide.mcu.externaltools.gnu-tools-for-stm32.13.3.rel1.win32_1.0.0.202411081344/tools/bin/../lib/gcc/arm-none-eabi/13.3.1/../../../../arm-none-eabi/lib/thumb/v6-m/nofp\libc_nano.a(libc_a-init.o)
 .debug_frame   0x000056b0       0x28 C:/ST/STM32CubeIDE_1.17.0/STM32CubeIDE/plugins/com.st.stm32cube.ide.mcu.externaltools.gnu-tools-for-stm32.13.3.rel1.win32_1.0.0.202411081344/tools/bin/../lib/gcc/arm-none-eabi/13.3.1/../../../../arm-none-eabi/lib/thumb/v6-m/nofp\libc_nano.a(libc_a-memcpy-stub.o)
 .debug_frame   0x000056d8       0x20 C:/ST/STM32CubeIDE_1.17.0/STM32CubeIDE/plugins/com.st.stm32cube.ide.mcu.externaltools.gnu-tools-for-stm32.13.3.rel1.win32_1.0.0.202411081344/tools/bin/../lib/gcc/arm-none-eabi/13.3.1/thumb/v6-m/nofp\libgcc.a(_udivsi3.o)

.debug_line_str
                0x00000000       0x66
 .debug_line_str
                0x00000000       0x66 ./Core/Startup/startup_stm32c031c6tx.o
